Archive member included to satisfy reference by file (symbol)

/usr/lib/gcc/arm-none-eabi/13.2.1/../../../arm-none-eabi/lib/thumb/v7-m/nofp/libc.a(libc_a-strcmp.o)
                              morse.o (strcmp)
/usr/lib/gcc/arm-none-eabi/13.2.1/../../../arm-none-eabi/lib/thumb/v7-m/nofp/libc.a(libc_a-putchar.o)
                              morse.o (putchar)
/usr/lib/gcc/arm-none-eabi/13.2.1/../../../arm-none-eabi/lib/thumb/v7-m/nofp/libc.a(libc_a-putc.o)
                              /usr/lib/gcc/arm-none-eabi/13.2.1/../../../arm-none-eabi/lib/thumb/v7-m/nofp/libc.a(libc_a-putchar.o) (_putc_r)
/usr/lib/gcc/arm-none-eabi/13.2.1/../../../arm-none-eabi/lib/thumb/v7-m/nofp/libc.a(libc_a-wbuf.o)
                              /usr/lib/gcc/arm-none-eabi/13.2.1/../../../arm-none-eabi/lib/thumb/v7-m/nofp/libc.a(libc_a-putc.o) (__swbuf_r)
/usr/lib/gcc/arm-none-eabi/13.2.1/../../../arm-none-eabi/lib/thumb/v7-m/nofp/libc.a(libc_a-findfp.o)
                              /usr/lib/gcc/arm-none-eabi/13.2.1/../../../arm-none-eabi/lib/thumb/v7-m/nofp/libc.a(libc_a-putc.o) (__sinit)
/usr/lib/gcc/arm-none-eabi/13.2.1/../../../arm-none-eabi/lib/thumb/v7-m/nofp/libc.a(libc_a-puts.o)
                              morse.o (puts)
/usr/lib/gcc/arm-none-eabi/13.2.1/../../../arm-none-eabi/lib/thumb/v7-m/nofp/libc.a(libc_a-fvwrite.o)
                              /usr/lib/gcc/arm-none-eabi/13.2.1/../../../arm-none-eabi/lib/thumb/v7-m/nofp/libc.a(libc_a-puts.o) (__sfvwrite_r)
/usr/lib/gcc/arm-none-eabi/13.2.1/../../../arm-none-eabi/lib/thumb/v7-m/nofp/libc.a(libc_a-strlen-stub.o)
                              /usr/lib/gcc/arm-none-eabi/13.2.1/../../../arm-none-eabi/lib/thumb/v7-m/nofp/libc.a(libc_a-puts.o) (strlen)
/usr/lib/gcc/arm-none-eabi/13.2.1/../../../arm-none-eabi/lib/thumb/v7-m/nofp/libc.a(libc_a-printf.o)
                              morse.o (printf)
/usr/lib/gcc/arm-none-eabi/13.2.1/../../../arm-none-eabi/lib/thumb/v7-m/nofp/libc.a(libc_a-memset.o)
                              /usr/lib/gcc/arm-none-eabi/13.2.1/../../../arm-none-eabi/lib/thumb/v7-m/nofp/libc.a(libc_a-findfp.o) (memset)
/usr/lib/gcc/arm-none-eabi/13.2.1/../../../arm-none-eabi/lib/thumb/v7-m/nofp/libc.a(libc_a-memchr-stub.o)
                              /usr/lib/gcc/arm-none-eabi/13.2.1/../../../arm-none-eabi/lib/thumb/v7-m/nofp/libc.a(libc_a-fvwrite.o) (memchr)
/usr/lib/gcc/arm-none-eabi/13.2.1/../../../arm-none-eabi/lib/thumb/v7-m/nofp/libc.a(libc_a-fwalk.o)
                              /usr/lib/gcc/arm-none-eabi/13.2.1/../../../arm-none-eabi/lib/thumb/v7-m/nofp/libc.a(libc_a-findfp.o) (_fwalk_sglue)
/usr/lib/gcc/arm-none-eabi/13.2.1/../../../arm-none-eabi/lib/thumb/v7-m/nofp/libc.a(libc_a-vfprintf.o)
                              /usr/lib/gcc/arm-none-eabi/13.2.1/../../../arm-none-eabi/lib/thumb/v7-m/nofp/libc.a(libc_a-printf.o) (_vfprintf_r)
/usr/lib/gcc/arm-none-eabi/13.2.1/../../../arm-none-eabi/lib/thumb/v7-m/nofp/libc.a(libc_a-fflush.o)
                              /usr/lib/gcc/arm-none-eabi/13.2.1/../../../arm-none-eabi/lib/thumb/v7-m/nofp/libc.a(libc_a-wbuf.o) (_fflush_r)
/usr/lib/gcc/arm-none-eabi/13.2.1/../../../arm-none-eabi/lib/thumb/v7-m/nofp/libc.a(libc_a-memmove.o)
                              /usr/lib/gcc/arm-none-eabi/13.2.1/../../../arm-none-eabi/lib/thumb/v7-m/nofp/libc.a(libc_a-fvwrite.o) (memmove)
/usr/lib/gcc/arm-none-eabi/13.2.1/../../../arm-none-eabi/lib/thumb/v7-m/nofp/libc.a(libc_a-impure.o)
                              /usr/lib/gcc/arm-none-eabi/13.2.1/../../../arm-none-eabi/lib/thumb/v7-m/nofp/libc.a(libc_a-putchar.o) (_impure_ptr)
/usr/lib/gcc/arm-none-eabi/13.2.1/../../../arm-none-eabi/lib/thumb/v7-m/nofp/libc.a(libc_a-mallocr.o)
                              /usr/lib/gcc/arm-none-eabi/13.2.1/../../../arm-none-eabi/lib/thumb/v7-m/nofp/libc.a(libc_a-findfp.o) (_malloc_r)
/usr/lib/gcc/arm-none-eabi/13.2.1/../../../arm-none-eabi/lib/thumb/v7-m/nofp/libc.a(libc_a-dtoa.o)
                              /usr/lib/gcc/arm-none-eabi/13.2.1/../../../arm-none-eabi/lib/thumb/v7-m/nofp/libc.a(libc_a-vfprintf.o) (_dtoa_r)
/usr/lib/gcc/arm-none-eabi/13.2.1/../../../arm-none-eabi/lib/thumb/v7-m/nofp/libc.a(libc_a-wsetup.o)
                              /usr/lib/gcc/arm-none-eabi/13.2.1/../../../arm-none-eabi/lib/thumb/v7-m/nofp/libc.a(libc_a-wbuf.o) (__swsetup_r)
/usr/lib/gcc/arm-none-eabi/13.2.1/../../../arm-none-eabi/lib/thumb/v7-m/nofp/libc.a(libc_a-freer.o)
                              /usr/lib/gcc/arm-none-eabi/13.2.1/../../../arm-none-eabi/lib/thumb/v7-m/nofp/libc.a(libc_a-fvwrite.o) (_free_r)
/usr/lib/gcc/arm-none-eabi/13.2.1/../../../arm-none-eabi/lib/thumb/v7-m/nofp/libc.a(libc_a-fclose.o)
                              /usr/lib/gcc/arm-none-eabi/13.2.1/../../../arm-none-eabi/lib/thumb/v7-m/nofp/libc.a(libc_a-findfp.o) (_fclose_r)
/usr/lib/gcc/arm-none-eabi/13.2.1/../../../arm-none-eabi/lib/thumb/v7-m/nofp/libc.a(libc_a-memcpy.o)
[...]
Memory Configuration

Name             Origin             Length             Attributes
rom              0x08000000         0x00010000         xr
ram              0x20000000         0x00005000         xrw
*default*        0x00000000         0xffffffff

Linker script and memory map

LOAD morse.o
START GROUP
LOAD /usr/lib/gcc/arm-none-eabi/13.2.1/../../../arm-none-eabi/lib/thumb/v7-m/nofp/libc.a
LOAD /usr/lib/gcc/arm-none-eabi/13.2.1/thumb/v7-m/nofp/libgcc.a
LOAD /usr/lib/gcc/arm-none-eabi/13.2.1/../../../arm-none-eabi/lib/thumb/v7-m/nofp/libnosys.a
END GROUP
LOAD /home/msis/ES_034_emlab/stm32f103c8t6//rtos/libwwg/libwwg.a
LOAD /home/msis/ES_034_emlab/stm32f103c8t6/libopencm3/lib/libopencm3_stm32f1.a
START GROUP
LOAD /usr/lib/gcc/arm-none-eabi/13.2.1/thumb/v7-m/nofp/libgcc.a
LOAD /usr/lib/gcc/arm-none-eabi/13.2.1/../../../arm-none-eabi/lib/thumb/v7-m/nofp/libc.a
END GROUP
START GROUP
LOAD /usr/lib/gcc/arm-none-eabi/13.2.1/thumb/v7-m/nofp/libgcc.a
LOAD /usr/lib/gcc/arm-none-eabi/13.2.1/../../../arm-none-eabi/lib/thumb/v7-m/nofp/libc.a
LOAD /usr/lib/gcc/arm-none-eabi/13.2.1/../../../arm-none-eabi/lib/thumb/v7-m/nofp/libnosys.a
END GROUP

.text           0x08000000     0x73c8
 *(.vectors)
 .vectors       0x08000000      0x150 /home/msis/ES_034_emlab/stm32f103c8t6/libopencm3/lib/libopencm3_stm32f1.a(vector.o)
                0x08000000                vector_table
 *(.text*)
 .text.delay_ms
                0x08000150       0x12 morse.o
 *fill*         0x08000162        0x2 
 .text.startup.main
                0x08000164      0x188 morse.o
                0x08000164                main
 .text._write   0x080002ec       0x38 morse.o
                0x080002ec                _write
 .text          0x08000324      0x1bc /usr/lib/gcc/arm-none-eabi/13.2.1/../../../arm-none-eabi/lib/thumb/v7-m/nofp/libc.a(libc_a-strcmp.o)
                0x08000324                strcmp
 .text          0x080004e0       0x18 /usr/lib/gcc/arm-none-eabi/13.2.1/../../../arm-none-eabi/lib/thumb/v7-m/nofp/libc.a(libc_a-putchar.o)
                0x080004e0                _putchar_r
                0x080004e8                putchar
 .text          0x080004f8       0xa4 /usr/lib/gcc/arm-none-eabi/13.2.1/../../../arm-none-eabi/lib/thumb/v7-m/nofp/libc.a(libc_a-putc.o)
                0x080004f8                _putc_r
                0x08000544                putc
 .text          0x0800059c       0xc0 /usr/lib/gcc/arm-none-eabi/13.2.1/../../../arm-none-eabi/lib/thumb/v7-m/nofp/libc.a(libc_a-wbuf.o)
                0x0800059c                __swbuf_r
                0x08000648                __swbuf
 .text          0x0800065c      0x224 /usr/lib/gcc/arm-none-eabi/13.2.1/../../../arm-none-eabi/lib/thumb/v7-m/nofp/libc.a(libc_a-findfp.o)
                0x0800078c                __sfp
                0x08000830                __sinit
                0x08000850                __sfp_lock_acquire
                0x08000854                __sfp_lock_release
                0x08000858                __fp_lock_all
                0x0800086c                __fp_unlock_all
 .text          0x08000880       0x7c /usr/lib/gcc/arm-none-eabi/13.2.1/../../../arm-none-eabi/lib/thumb/v7-m/nofp/libc.a(libc_a-puts.o)
                0x08000880                _puts_r
                0x080008ec                puts
 .text          0x080008fc      0x2ec /usr/lib/gcc/arm-none-eabi/13.2.1/../../../arm-none-eabi/lib/thumb/v7-m/nofp/libc.a(libc_a-fvwrite.o)
                0x080008fc                __sfvwrite_r
 .text          0x08000be8       0x5c /usr/lib/gcc/arm-none-eabi/13.2.1/../../../arm-none-eabi/lib/thumb/v7-m/nofp/libc.a(libc_a-strlen-stub.o)
                0x08000be8                strlen
 .text          0x08000c44       0x48 /usr/lib/gcc/arm-none-eabi/13.2.1/../../../arm-none-eabi/lib/thumb/v7-m/nofp/libc.a(libc_a-printf.o)
                0x08000c44                _printf_r
                0x08000c64                printf
 .text          0x08000c8c       0xa0 /usr/lib/gcc/arm-none-eabi/13.2.1/../../../arm-none-eabi/lib/thumb/v7-m/nofp/libc.a(libc_a-memset.o)
                0x08000c8c                memset
 .text          0x08000d2c       0x98 /usr/lib/gcc/arm-none-eabi/13.2.1/../../../arm-none-eabi/lib/thumb/v7-m/nofp/libc.a(libc_a-memchr-stub.o)
                0x08000d2c                memchr
 .text          0x08000dc4       0x44 /usr/lib/gcc/arm-none-eabi/13.2.1/../../../arm-none-eabi/lib/thumb/v7-m/nofp/libc.a(libc_a-fwalk.o)
                0x08000dc4                _fwalk_sglue
 .text          0x08000e08     0x14fc /usr/lib/gcc/arm-none-eabi/13.2.1/../../../arm-none-eabi/lib/thumb/v7-m/nofp/libc.a(libc_a-vfprintf.o)
                0x08000e08                _vfprintf_r
                0x0800227c                vfprintf
 .text          0x08002304      0x19c /usr/lib/gcc/arm-none-eabi/13.2.1/../../../arm-none-eabi/lib/thumb/v7-m/nofp/libc.a(libc_a-fflush.o)
                0x08002304                __sflush_r
                0x0800242c                _fflush_r
                0x08002458                fflush
 .text          0x080024a0       0xfc /usr/lib/gcc/arm-none-eabi/13.2.1/../../../arm-none-eabi/lib/thumb/v7-m/nofp/libc.a(libc_a-memmove.o)
                0x080024a0                memmove
 .text          0x0800259c      0x55c /usr/lib/gcc/arm-none-eabi/13.2.1/../../../arm-none-eabi/lib/thumb/v7-m/nofp/libc.a(libc_a-mallocr.o)
                0x0800259c                _malloc_r
 .text          0x08002af8      0xfd4 /usr/lib/gcc/arm-none-eabi/13.2.1/../../../arm-none-eabi/lib/thumb/v7-m/nofp/libc.a(libc_a-dtoa.o)
                0x08002c34                _dtoa_r
 .text          0x08003acc       0xc4 /usr/lib/gcc/arm-none-eabi/13.2.1/../../../arm-none-eabi/lib/thumb/v7-m/nofp/libc.a(libc_a-wsetup.o)
                0x08003acc                __swsetup_r
 .text          0x08003b90      0x2b0 /usr/lib/gcc/arm-none-eabi/13.2.1/../../../arm-none-eabi/lib/thumb/v7-m/nofp/libc.a(libc_a-freer.o)
                0x08003b90                _malloc_trim_r
                0x08003c48                _free_r
 .text          0x08003e40       0x90 /usr/lib/gcc/arm-none-eabi/13.2.1/../../../arm-none-eabi/lib/thumb/v7-m/nofp/libc.a(libc_a-fclose.o)
                0x08003e40                _fclose_r
                0x08003ec0                fclose
 .text          0x08003ed0       0xec /usr/lib/gcc/arm-none-eabi/13.2.1/../../../arm-none-eabi/lib/thumb/v7-m/nofp/libc.a(libc_a-memcpy.o)
                0x08003ed0                memcpy
 .text          0x08003fbc       0x1c /usr/lib/gcc/arm-none-eabi/13.2.1/../../../arm-none-eabi/lib/thumb/v7-m/nofp/libc.a(libc_a-sysconf.o)
                0x08003fbc                sysconf
 .text          0x08003fd8       0x94 /usr/lib/gcc/arm-none-eabi/13.2.1/../../../arm-none-eabi/lib/thumb/v7-m/nofp/libc.a(libc_a-stdio.o)
                0x08003fd8                __sread
                0x08003ffc                __seofread
                0x08004000                __swrite
                0x08004040                __sseek
                0x08004064                __sclose
 .text          0x0800406c      0x34c /usr/lib/gcc/arm-none-eabi/13.2.1/../../../arm-none-eabi/lib/thumb/v7-m/nofp/libc.a(libc_a-reallocr.o)
                0x0800406c                _realloc_r
 .text          0x080043b8       0x2c /usr/lib/gcc/arm-none-eabi/13.2.1/../../../arm-none-eabi/lib/thumb/v7-m/nofp/libc.a(libc_a-writer.o)
                0x080043b8                _write_r
 .text          0x080043e4        0x8 /usr/lib/gcc/arm-none-eabi/13.2.1/../../../arm-none-eabi/lib/thumb/v7-m/nofp/libc.a(libc_a-mlock.o)
                0x080043e4                __malloc_lock
                0x080043e8                __malloc_unlock
 .text          0x080043ec       0x24 /usr/lib/gcc/arm-none-eabi/13.2.1/../../../arm-none-eabi/lib/thumb/v7-m/nofp/libc.a(libc_a-sbrkr.o)
                0x080043ec                _sbrk_r
 .text          0x08004410       0x24 /usr/lib/gcc/arm-none-eabi/13.2.1/../../../arm-none-eabi/lib/thumb/v7-m/nofp/libc.a(libc_a-closer.o)
                0x08004410                _close_r
 .text          0x08004434       0x20 /usr/lib/gcc/arm-none-eabi/13.2.1/../../../arm-none-eabi/lib/thumb/v7-m/nofp/libc.a(libc_a-sprint_r.o)
                0x08004434                __sprint_r
 .text          0x08004454       0x4c /usr/lib/gcc/arm-none-eabi/13.2.1/../../../arm-none-eabi/lib/thumb/v7-m/nofp/libc.a(libc_a-assert.o)
                0x08004454                __assert_func
                0x08004494                __assert
 .text          0x080044a0      0xa78 /usr/lib/gcc/arm-none-eabi/13.2.1/../../../arm-none-eabi/lib/thumb/v7-m/nofp/libc.a(libc_a-mprec.o)
                0x080044a0                _Balloc
                0x080044ec                _Bfree
                0x08004500                __multadd
                0x080045a4                __s2b
                0x08004654                __hi0bits
                0x08004698                __lo0bits
                0x080046f4                __i2b
                0x08004750                __multiply
                0x080048b4                __pow5mult
                0x08004968                __lshift
                0x08004a54                __mcmp
                0x08004a94                __mdiff
                0x08004c0c                __ulp
                0x08004c5c                __b2d
                0x08004d10                __d2b
                0x08004dcc                __ratio
                0x08004e28                _mprec_log10
                0x08004e60                __copybits
                0x08004ec0                __any_on
 .text          0x08004f18       0x14 /usr/lib/gcc/arm-none-eabi/13.2.1/../../../arm-none-eabi/lib/thumb/v7-m/nofp/libc.a(libc_a-localeconv.o)
                0x08004f18                __localeconv_l
                0x08004f1c                _localeconv_r
                0x08004f24                localeconv
 .text          0x08004f2c      0x13c /usr/lib/gcc/arm-none-eabi/13.2.1/../../../arm-none-eabi/lib/thumb/v7-m/nofp/libc.a(libc_a-makebuf.o)
                0x08004f2c                __smakebuf_r
                0x08005008                __swhatbuf_r
 .text          0x08005068       0x40 /usr/lib/gcc/arm-none-eabi/13.2.1/../../../arm-none-eabi/lib/thumb/v7-m/nofp/libc.a(libc_a-mbtowc_r.o)
                0x08005068                _mbtowc_r
                0x0800507c                __ascii_mbtowc
 .text          0x080050a8        0xc /usr/lib/gcc/arm-none-eabi/13.2.1/../../../arm-none-eabi/lib/thumb/v7-m/nofp/libc.a(libc_a-errno.o)
                0x080050a8                __errno
 .text          0x080050b4       0x10 /usr/lib/gcc/arm-none-eabi/13.2.1/../../../arm-none-eabi/lib/thumb/v7-m/nofp/libc.a(libc_a-abort.o)
                0x080050b4                abort
 .text          0x080050c4       0x6c /usr/lib/gcc/arm-none-eabi/13.2.1/../../../arm-none-eabi/lib/thumb/v7-m/nofp/libc.a(libc_a-callocr.o)
                0x080050c4                _calloc_r
 .text          0x08005130       0x2c /usr/lib/gcc/arm-none-eabi/13.2.1/../../../arm-none-eabi/lib/thumb/v7-m/nofp/libc.a(libc_a-readr.o)
                0x08005130                _read_r
 .text          0x0800515c       0x44 /usr/lib/gcc/arm-none-eabi/13.2.1/../../../arm-none-eabi/lib/thumb/v7-m/nofp/libc.a(libc_a-fiprintf.o)
                0x0800515c                _fiprintf_r
                0x08005178                fiprintf
 .text          0x080051a0       0x30 /usr/lib/gcc/arm-none-eabi/13.2.1/../../../arm-none-eabi/lib/thumb/v7-m/nofp/libc.a(libc_a-wctomb_r.o)
                0x080051a0                _wctomb_r
                0x080051b4                __ascii_wctomb
 .text          0x080051d0       0x2c /usr/lib/gcc/arm-none-eabi/13.2.1/../../../arm-none-eabi/lib/thumb/v7-m/nofp/libc.a(libc_a-lseekr.o)
                0x080051d0                _lseek_r
 .text          0x080051fc       0x28 /usr/lib/gcc/arm-none-eabi/13.2.1/../../../arm-none-eabi/lib/thumb/v7-m/nofp/libc.a(libc_a-fstatr.o)
                0x080051fc                _fstat_r
 .text          0x08005224       0x24 /usr/lib/gcc/arm-none-eabi/13.2.1/../../../arm-none-eabi/lib/thumb/v7-m/nofp/libc.a(libc_a-isattyr.o)
                0x08005224                _isatty_r
 .text          0x08005248      0x284 /usr/lib/gcc/arm-none-eabi/13.2.1/../../../arm-none-eabi/lib/thumb/v7-m/nofp/libc.a(libc_a-signal.o)
                0x08005248                _init_signal_r
                0x08005278                _signal_r
                0x080052c8                _raise_r
                0x0800531c                __sigtramp_r
                0x08005384                raise
                0x080053dc                signal
                0x0800542c                _init_signal
                0x08005464                __sigtramp
 .text          0x080054cc       0x2c /usr/lib/gcc/arm-none-eabi/13.2.1/../../../arm-none-eabi/lib/thumb/v7-m/nofp/libc.a(libc_a-signalr.o)
                0x080054cc                _kill_r
                0x080054f4                _getpid_r
 .text          0x080054f8      0xb50 /usr/lib/gcc/arm-none-eabi/13.2.1/../../../arm-none-eabi/lib/thumb/v7-m/nofp/libc.a(libc_a-vfiprintf.o)
                0x080054f8                _vfiprintf_r
                0x08005fc0                vfiprintf
 .text          0x08006048      0x378 /usr/lib/gcc/arm-none-eabi/13.2.1/thumb/v7-m/nofp/libgcc.a(_arm_addsubdf3.o)
                0x08006048                __aeabi_drsub
                0x08006050                __aeabi_dsub
                0x08006050                __subdf3
                0x08006054                __adddf3
                0x08006054                __aeabi_dadd
                0x080062cc                __aeabi_ui2d
                0x080062cc                __floatunsidf
                0x080062ec                __floatsidf
                0x080062ec                __aeabi_i2d
                0x08006310                __extendsfdf2
                0x08006310                __aeabi_f2d
                0x08006354                __aeabi_ul2d
                0x08006354                __floatundidf
                0x08006364                __floatdidf
                0x08006364                __aeabi_l2d
 .text          0x080063c0      0x424 /usr/lib/gcc/arm-none-eabi/13.2.1/thumb/v7-m/nofp/libgcc.a(_arm_muldivdf3.o)
                0x080063c0                __aeabi_dmul
                0x080063c0                __muldf3
                0x08006614                __aeabi_ddiv
                0x08006614                __divdf3
 .text          0x080067e4      0x110 /usr/lib/gcc/arm-none-eabi/13.2.1/thumb/v7-m/nofp/libgcc.a(_arm_cmpdf2.o)
                0x080067e4                __gtdf2
                0x080067e4                __gedf2
                0x080067ec                __ltdf2
                0x080067ec                __ledf2
                0x080067f4                __cmpdf2
                0x080067f4                __eqdf2
                0x080067f4                __nedf2
                0x08006870                __aeabi_cdrcmple
                0x08006880                __aeabi_cdcmple
                0x08006880                __aeabi_cdcmpeq
                0x08006890                __aeabi_dcmpeq
                0x080068a4                __aeabi_dcmplt
                0x080068b8                __aeabi_dcmple
                0x080068cc                __aeabi_dcmpge
                0x080068e0                __aeabi_dcmpgt
 .text          0x080068f4       0x2c /usr/lib/gcc/arm-none-eabi/13.2.1/thumb/v7-m/nofp/libgcc.a(_arm_unorddf2.o)
                0x080068f4                __aeabi_dcmpun
                0x080068f4                __unorddf2
 .text          0x08006920       0x50 /usr/lib/gcc/arm-none-eabi/13.2.1/thumb/v7-m/nofp/libgcc.a(_arm_fixdfsi.o)
                0x08006920                __fixdfsi
                0x08006920                __aeabi_d2iz
 .text          0x08006970       0x10 /usr/lib/gcc/arm-none-eabi/13.2.1/../../../arm-none-eabi/lib/thumb/v7-m/nofp/libnosys.a(close.o)
                0x08006970                _close
 .text          0x08006980       0x10 /usr/lib/gcc/arm-none-eabi/13.2.1/../../../arm-none-eabi/lib/thumb/v7-m/nofp/libnosys.a(fstat.o)
                0x08006980                _fstat
 .text          0x08006990       0x10 /usr/lib/gcc/arm-none-eabi/13.2.1/../../../arm-none-eabi/lib/thumb/v7-m/nofp/libnosys.a(getpid.o)
                0x08006990                _getpid
 .text          0x080069a0       0x10 /usr/lib/gcc/arm-none-eabi/13.2.1/../../../arm-none-eabi/lib/thumb/v7-m/nofp/libnosys.a(isatty.o)
                0x080069a0                _isatty
 .text          0x080069b0       0x10 /usr/lib/gcc/arm-none-eabi/13.2.1/../../../arm-none-eabi/lib/thumb/v7-m/nofp/libnosys.a(kill.o)
                0x080069b0                _kill
 .text          0x080069c0       0x10 /usr/lib/gcc/arm-none-eabi/13.2.1/../../../arm-none-eabi/lib/thumb/v7-m/nofp/libnosys.a(lseek.o)
                0x080069c0                _lseek
 .text          0x080069d0       0x10 /usr/lib/gcc/arm-none-eabi/13.2.1/../../../arm-none-eabi/lib/thumb/v7-m/nofp/libnosys.a(read.o)
                0x080069d0                _read
 .text          0x080069e0       0x1c /usr/lib/gcc/arm-none-eabi/13.2.1/../../../arm-none-eabi/lib/thumb/v7-m/nofp/libnosys.a(sbrk.o)
                0x080069e0                _sbrk
 .text          0x080069fc        0x4 /usr/lib/gcc/arm-none-eabi/13.2.1/../../../arm-none-eabi/lib/thumb/v7-m/nofp/libnosys.a(_exit.o)
                0x080069fc                _exit
 .text.gpio_set_mode
                0x08006a00       0x5e /home/msis/ES_034_emlab/stm32f103c8t6/libopencm3/lib/libopencm3_stm32f1.a(gpio.o)
                0x08006a00                gpio_set_mode
 .text.gpio_set
                0x08006a5e        0x4 /home/msis/ES_034_emlab/stm32f103c8t6/libopencm3/lib/libopencm3_stm32f1.a(gpio_common_all.o)
                0x08006a5e                gpio_set
 .text.gpio_clear
                0x08006a62        0x6 /home/msis/ES_034_emlab/stm32f103c8t6/libopencm3/lib/libopencm3_stm32f1.a(gpio_common_all.o)
                0x08006a62                gpio_clear
 .text.gpio_get
                0x08006a68        0x6 /home/msis/ES_034_emlab/stm32f103c8t6/libopencm3/lib/libopencm3_stm32f1.a(gpio_common_all.o)
                0x08006a68                gpio_get
 *fill*         0x08006a6e        0x2 
 .text.rcc_is_osc_ready
                0x08006a70       0x58 /home/msis/ES_034_emlab/stm32f103c8t6/libopencm3/lib/libopencm3_stm32f1.a(rcc.o)
                0x08006a70                rcc_is_osc_ready
 .text.rcc_wait_for_osc_ready
                0x08006ac8       0x10 /home/msis/ES_034_emlab/stm32f103c8t6/libopencm3/lib/libopencm3_stm32f1.a(rcc.o)
                0x08006ac8                rcc_wait_for_osc_ready
 .text.rcc_osc_on
                0x08006ad8       0x60 /home/msis/ES_034_emlab/stm32f103c8t6/libopencm3/lib/libopencm3_stm32f1.a(rcc.o)
                0x08006ad8                rcc_osc_on
 .text.rcc_set_sysclk_source
                0x08006b38       0x14 /home/msis/ES_034_emlab/stm32f103c8t6/libopencm3/lib/libopencm3_stm32f1.a(rcc.o)
                0x08006b38                rcc_set_sysclk_source
 .text.rcc_set_pll_multiplication_factor
                0x08006b4c       0x14 /home/msis/ES_034_emlab/stm32f103c8t6/libopencm3/lib/libopencm3_stm32f1.a(rcc.o)
                0x08006b4c                rcc_set_pll_multiplication_factor
 .text.rcc_set_pll2_multiplication_factor
                0x08006b60       0x14 /home/msis/ES_034_emlab/stm32f103c8t6/libopencm3/lib/libopencm3_stm32f1.a(rcc.o)
                0x08006b60                rcc_set_pll2_multiplication_factor
 .text.rcc_set_pll3_multiplication_factor
                0x08006b74       0x14 /home/msis/ES_034_emlab/stm32f103c8t6/libopencm3/lib/libopencm3_stm32f1.a(rcc.o)
                0x08006b74                rcc_set_pll3_multiplication_factor
 .text.rcc_set_pll_source
                0x08006b88       0x14 /home/msis/ES_034_emlab/stm32f103c8t6/libopencm3/lib/libopencm3_stm32f1.a(rcc.o)
                0x08006b88                rcc_set_pll_source
 .text.rcc_set_pllxtpre
                0x08006b9c       0x14 /home/msis/ES_034_emlab/stm32f103c8t6/libopencm3/lib/libopencm3_stm32f1.a(rcc.o)
                0x08006b9c                rcc_set_pllxtpre
 .text.rcc_set_adcpre
                0x08006bb0       0x14 /home/msis/ES_034_emlab/stm32f103c8t6/libopencm3/lib/libopencm3_stm32f1.a(rcc.o)
                0x08006bb0                rcc_set_adcpre
 .text.rcc_set_ppre2
                0x08006bc4       0x14 /home/msis/ES_034_emlab/stm32f103c8t6/libopencm3/lib/libopencm3_stm32f1.a(rcc.o)
                0x08006bc4                rcc_set_ppre2
 .text.rcc_set_ppre1
                0x08006bd8       0x14 /home/msis/ES_034_emlab/stm32f103c8t6/libopencm3/lib/libopencm3_stm32f1.a(rcc.o)
                0x08006bd8                rcc_set_ppre1
 .text.rcc_set_hpre
                0x08006bec       0x14 /home/msis/ES_034_emlab/stm32f103c8t6/libopencm3/lib/libopencm3_stm32f1.a(rcc.o)
                0x08006bec                rcc_set_hpre
 .text.rcc_set_usbpre
                0x08006c00       0x18 /home/msis/ES_034_emlab/stm32f103c8t6/libopencm3/lib/libopencm3_stm32f1.a(rcc.o)
                0x08006c00                rcc_set_usbpre
 .text.rcc_set_prediv1
                0x08006c18       0x14 /home/msis/ES_034_emlab/stm32f103c8t6/libopencm3/lib/libopencm3_stm32f1.a(rcc.o)
                0x08006c18                rcc_set_prediv1
 .text.rcc_set_prediv2
                0x08006c2c       0x14 /home/msis/ES_034_emlab/stm32f103c8t6/libopencm3/lib/libopencm3_stm32f1.a(rcc.o)
                0x08006c2c                rcc_set_prediv2
 .text.rcc_set_prediv1_source
                0x08006c40       0x18 /home/msis/ES_034_emlab/stm32f103c8t6/libopencm3/lib/libopencm3_stm32f1.a(rcc.o)
                0x08006c40                rcc_set_prediv1_source
 .text.rcc_clock_setup_pll
                0x08006c58       0xbc /home/msis/ES_034_emlab/stm32f103c8t6/libopencm3/lib/libopencm3_stm32f1.a(rcc.o)
                0x08006c58                rcc_clock_setup_pll
 .text.rcc_get_usart_clk_freq
                0x08006d14       0x1c /home/msis/ES_034_emlab/stm32f103c8t6/libopencm3/lib/libopencm3_stm32f1.a(rcc.o)
                0x08006d14                rcc_get_usart_clk_freq
 .text.rcc_periph_clock_enable
                0x08006d30       0x1a /home/msis/ES_034_emlab/stm32f103c8t6/libopencm3/lib/libopencm3_stm32f1.a(rcc_common_all.o)
                0x08006d30                rcc_periph_clock_enable
 .text.usart_set_baudrate
                0x08006d4a       0x16 /home/msis/ES_034_emlab/stm32f103c8t6/libopencm3/lib/libopencm3_stm32f1.a(usart_common_all.o)
                0x08006d4a                usart_set_baudrate
 .text.usart_set_databits
                0x08006d60       0x12 /home/msis/ES_034_emlab/stm32f103c8t6/libopencm3/lib/libopencm3_stm32f1.a(usart_common_all.o)
                0x08006d60                usart_set_databits
 .text.usart_set_stopbits
                0x08006d72        0xc /home/msis/ES_034_emlab/stm32f103c8t6/libopencm3/lib/libopencm3_stm32f1.a(usart_common_all.o)
                0x08006d72                usart_set_stopbits
 .text.usart_set_parity
                0x08006d7e        0xc /home/msis/ES_034_emlab/stm32f103c8t6/libopencm3/lib/libopencm3_stm32f1.a(usart_common_all.o)
                0x08006d7e                usart_set_parity
 .text.usart_set_mode
                0x08006d8a        0xc /home/msis/ES_034_emlab/stm32f103c8t6/libopencm3/lib/libopencm3_stm32f1.a(usart_common_all.o)
                0x08006d8a                usart_set_mode
 .text.usart_set_flow_control
                0x08006d96        0xc /home/msis/ES_034_emlab/stm32f103c8t6/libopencm3/lib/libopencm3_stm32f1.a(usart_common_all.o)
                0x08006d96                usart_set_flow_control
 .text.usart_enable
                0x08006da2        0xa /home/msis/ES_034_emlab/stm32f103c8t6/libopencm3/lib/libopencm3_stm32f1.a(usart_common_all.o)
                0x08006da2                usart_enable
 .text.usart_send_blocking
                0x08006dac       0x16 /home/msis/ES_034_emlab/stm32f103c8t6/libopencm3/lib/libopencm3_stm32f1.a(usart_common_all.o)
                0x08006dac                usart_send_blocking
 .text.usart_send
                0x08006dc2        0x8 /home/msis/ES_034_emlab/stm32f103c8t6/libopencm3/lib/libopencm3_stm32f1.a(usart_common_f124.o)
                0x08006dc2                usart_send
 .text.usart_wait_send_ready
                0x08006dca        0x8 /home/msis/ES_034_emlab/stm32f103c8t6/libopencm3/lib/libopencm3_stm32f1.a(usart_common_f124.o)
                0x08006dca                usart_wait_send_ready
 .text.blocking_handler
                0x08006dd2        0x2 /home/msis/ES_034_emlab/stm32f103c8t6/libopencm3/lib/libopencm3_stm32f1.a(vector.o)
                0x08006dd2                usart3_isr
                0x08006dd2                rtc_isr
                0x08006dd2                tim7_isr
                0x08006dd2                adc1_2_isr
                0x08006dd2                tim1_trg_com_isr
                0x08006dd2                usb_hp_can_tx_isr
                0x08006dd2                tim6_isr
                0x08006dd2                usb_wakeup_isr
                0x08006dd2                blocking_handler
                0x08006dd2                tim5_isr
                0x08006dd2                otg_fs_isr
                0x08006dd2                spi1_isr
                0x08006dd2                exti2_isr
                0x08006dd2                dma1_channel6_isr
                0x08006dd2                can_rx1_isr
                0x08006dd2                dma1_channel5_isr
                0x08006dd2                dma2_channel5_isr
                0x08006dd2                usart1_isr
                0x08006dd2                usage_fault_handler
                0x08006dd2                tim8_trg_com_isr
                0x08006dd2                can2_rx0_isr
                0x08006dd2                tim1_brk_isr
                0x08006dd2                can2_rx1_isr
                0x08006dd2                tim1_cc_isr
                0x08006dd2                sdio_isr
                0x08006dd2                eth_isr
                0x08006dd2                dma1_channel4_isr
                0x08006dd2                tim8_brk_isr
                0x08006dd2                dma2_channel4_5_isr
                0x08006dd2                pvd_isr
                0x08006dd2                rcc_isr
                0x08006dd2                flash_isr
                0x08006dd2                uart4_isr
                0x08006dd2                rtc_alarm_isr
                0x08006dd2                exti15_10_isr
                0x08006dd2                hard_fault_handler
                0x08006dd2                exti1_isr
                0x08006dd2                i2c1_ev_isr
                0x08006dd2                dma2_channel1_isr
                0x08006dd2                spi2_isr
                0x08006dd2                tim8_up_isr
                0x08006dd2                dma2_channel2_isr
                0x08006dd2                exti3_isr
                0x08006dd2                adc3_isr
                0x08006dd2                tim3_isr
                0x08006dd2                usart2_isr
                0x08006dd2                usb_lp_can_rx0_isr
                0x08006dd2                i2c2_er_isr
                0x08006dd2                i2c2_ev_isr
                0x08006dd2                uart5_isr
                0x08006dd2                fsmc_isr
                0x08006dd2                dma1_channel1_isr
                0x08006dd2                exti4_isr
                0x08006dd2                mem_manage_handler
                0x08006dd2                can2_tx_isr
                0x08006dd2                exti9_5_isr
                0x08006dd2                dma2_channel3_isr
                0x08006dd2                dma1_channel7_isr
                0x08006dd2                tim1_up_isr
                0x08006dd2                can2_sce_isr
                0x08006dd2                tim4_isr
                0x08006dd2                dma1_channel2_isr
                0x08006dd2                i2c1_er_isr
                0x08006dd2                can_sce_isr
                0x08006dd2                tim8_cc_isr
                0x08006dd2                tamper_isr
                0x08006dd2                eth_wkup_isr
                0x08006dd2                bus_fault_handler
                0x08006dd2                wwdg_isr
                0x08006dd2                dma1_channel3_isr
                0x08006dd2                spi3_isr
                0x08006dd2                tim2_isr
                0x08006dd2                exti0_isr
 .text.null_handler
                0x08006dd4        0x2 /home/msis/ES_034_emlab/stm32f103c8t6/libopencm3/lib/libopencm3_stm32f1.a(vector.o)
                0x08006dd4                null_handler
                0x08006dd4                sv_call_handler
                0x08006dd4                pend_sv_handler
                0x08006dd4                debug_monitor_handler
                0x08006dd4                sys_tick_handler
                0x08006dd4                nmi_handler
 *fill*         0x08006dd6        0x2 
 .text.reset_handler
                0x08006dd8       0x94 /home/msis/ES_034_emlab/stm32f103c8t6/libopencm3/lib/libopencm3_stm32f1.a(vector.o)
                0x08006dd8                reset_handler
 .text.flash_set_ws
                0x08006e6c       0x14 /home/msis/ES_034_emlab/stm32f103c8t6/libopencm3/lib/libopencm3_stm32f1.a(flash_common_all.o)
                0x08006e6c                flash_set_ws
                0x08006e80                        . = ALIGN (0x4)
 *(.rodata*)
 .rodata.main.str1.1
                0x08006e80       0x5d morse.o
                                 0x1b (size before relaxing)
 .rodata.str1.1
                0x08006edd       0x72 morse.o
 *fill*         0x08006edd        0x3 
 .rodata.morse_table
                0x08006ee0       0xd8 morse.o
 .rodata.str1.4
                0x08006fb8      0x116 /usr/lib/gcc/arm-none-eabi/13.2.1/../../../arm-none-eabi/lib/thumb/v7-m/nofp/libc.a(libc_a-puts.o)
                                  0x2 (size before relaxing)
 .rodata.str1.4
                0x080070ce       0x42 /usr/lib/gcc/arm-none-eabi/13.2.1/../../../arm-none-eabi/lib/thumb/v7-m/nofp/libc.a(libc_a-vfprintf.o)
 *fill*         0x080070ce        0x2 
 .rodata        0x080070d0       0x20 /usr/lib/gcc/arm-none-eabi/13.2.1/../../../arm-none-eabi/lib/thumb/v7-m/nofp/libc.a(libc_a-vfprintf.o)
 .rodata.str1.4
                0x080070f0       0x54 /usr/lib/gcc/arm-none-eabi/13.2.1/../../../arm-none-eabi/lib/thumb/v7-m/nofp/libc.a(libc_a-dtoa.o)
 .rodata.str1.4
                0x080070f0       0x43 /usr/lib/gcc/arm-none-eabi/13.2.1/../../../arm-none-eabi/lib/thumb/v7-m/nofp/libc.a(libc_a-assert.o)
 .rodata.str1.4
                0x080070f0       0x41 /usr/lib/gcc/arm-none-eabi/13.2.1/../../../arm-none-eabi/lib/thumb/v7-m/nofp/libc.a(libc_a-mprec.o)
 .rodata        0x080070f0      0x128 /usr/lib/gcc/arm-none-eabi/13.2.1/../../../arm-none-eabi/lib/thumb/v7-m/nofp/libc.a(libc_a-mprec.o)
                0x08007100                __mprec_tens
                0x080071c8                __mprec_tinytens
                0x080071f0                __mprec_bigtens
 .rodata.str1.4
                0x08007218       0x12 /usr/lib/gcc/arm-none-eabi/13.2.1/../../../arm-none-eabi/lib/thumb/v7-m/nofp/libc.a(libc_a-locale.o)
 .rodata        0x08007218      0x101 /usr/lib/gcc/arm-none-eabi/13.2.1/../../../arm-none-eabi/lib/thumb/v7-m/nofp/libc.a(libc_a-ctype_.o)
                0x08007218                _ctype_
 .rodata.str1.4
                0x08007319       0x2f /usr/lib/gcc/arm-none-eabi/13.2.1/../../../arm-none-eabi/lib/thumb/v7-m/nofp/libc.a(libc_a-vfiprintf.o)
 *fill*         0x08007319        0x3 
 .rodata        0x0800731c       0x20 /usr/lib/gcc/arm-none-eabi/13.2.1/../../../arm-none-eabi/lib/thumb/v7-m/nofp/libc.a(libc_a-vfiprintf.o)
 .rodata.rcc_hse_configs
                0x0800733c       0x8c /home/msis/ES_034_emlab/stm32f103c8t6/libopencm3/lib/libopencm3_stm32f1.a(rcc.o)
                0x0800733c                rcc_hse_configs
                0x080073c8                        . = ALIGN (0x4)

.glue_7         0x080073c8        0x0
 .glue_7        0x080073c8        0x0 linker stubs

.glue_7t        0x080073c8        0x0
 .glue_7t       0x080073c8        0x0 linker stubs

.vfp11_veneer   0x080073c8        0x0
 .vfp11_veneer  0x080073c8        0x0 linker stubs

.v4_bx          0x080073c8        0x0
 .v4_bx         0x080073c8        0x0 linker stubs

.iplt           0x080073c8        0x0
 .iplt          0x080073c8        0x0 morse.o

.preinit_array  0x080073c8        0x0
                0x080073c8                        . = ALIGN (0x4)
                0x080073c8                        __preinit_array_start = .
 *(.preinit_array)
                0x080073c8                        __preinit_array_end = .

.init_array     0x080073c8        0x0
                0x080073c8                        . = ALIGN (0x4)
                0x080073c8                        __init_array_start = .
 *(SORT_BY_NAME(.init_array.*))
 *(.init_array)
                0x080073c8                        __init_array_end = .

.fini_array     0x080073c8        0x0
                0x080073c8                        . = ALIGN (0x4)
                0x080073c8                        __fini_array_start = .
 *(.fini_array)
 *(SORT_BY_NAME(.fini_array.*))
                0x080073c8                        __fini_array_end = .

.ARM.extab
 *(.ARM.extab*)

.ARM.exidx      0x080073c8        0x8
                0x080073c8                        __exidx_start = .
 *(.ARM.exidx*)
 .ARM.exidx     0x080073c8        0x8 /usr/lib/gcc/arm-none-eabi/13.2.1/../../../arm-none-eabi/lib/thumb/v7-m/nofp/libc.a(libc_a-strcmp.o)
 .ARM.exidx     0x080073d0        0x0 /usr/lib/gcc/arm-none-eabi/13.2.1/../../../arm-none-eabi/lib/thumb/v7-m/nofp/libc.a(libc_a-memcpy.o)
                                  0x8 (size before relaxing)
                0x080073d0                        __exidx_end = .

.rel.dyn        0x080073d0        0x0
 .rel.iplt      0x080073d0        0x0 morse.o
                0x080073d0                        . = ALIGN (0x4)
                0x080073d0                        _etext = .

.data           0x20000000      0x6c0 load address 0x080073d0
                0x20000000                        _data = .
 *(.data*)
 .data          0x20000000        0xc /usr/lib/gcc/arm-none-eabi/13.2.1/../../../arm-none-eabi/lib/thumb/v7-m/nofp/libc.a(libc_a-findfp.o)
                0x20000000                __sglue
 *fill*         0x2000000c        0x4 
 .data          0x20000010      0x128 /usr/lib/gcc/arm-none-eabi/13.2.1/../../../arm-none-eabi/lib/thumb/v7-m/nofp/libc.a(libc_a-impure.o)
                0x20000010                _impure_ptr
                0x20000018                _impure_data
 .data          0x20000138      0x410 /usr/lib/gcc/arm-none-eabi/13.2.1/../../../arm-none-eabi/lib/thumb/v7-m/nofp/libc.a(libc_a-mallocr.o)
                0x20000138                __malloc_av_
                0x20000540                __malloc_sbrk_base
                0x20000544                __malloc_trim_threshold
 .data          0x20000548      0x16c /usr/lib/gcc/arm-none-eabi/13.2.1/../../../arm-none-eabi/lib/thumb/v7-m/nofp/libc.a(libc_a-locale.o)
                0x20000548                __global_locale
 .data.rcc_ahb_frequency
                0x200006b4        0x4 /home/msis/ES_034_emlab/stm32f103c8t6/libopencm3/lib/libopencm3_stm32f1.a(rcc.o)
                0x200006b4                rcc_ahb_frequency
 .data.rcc_apb2_frequency
                0x200006b8        0x4 /home/msis/ES_034_emlab/stm32f103c8t6/libopencm3/lib/libopencm3_stm32f1.a(rcc.o)
                0x200006b8                rcc_apb2_frequency
 .data.rcc_apb1_frequency
                0x200006bc        0x4 /home/msis/ES_034_emlab/stm32f103c8t6/libopencm3/lib/libopencm3_stm32f1.a(rcc.o)
                0x200006bc                rcc_apb1_frequency
                0x200006c0                        . = ALIGN (0x4)
                0x200006c0                        _edata = .
                0x080073d0                        _data_loadaddr = LOADADDR (.data)

.igot.plt       0x200006c0        0x0 load address 0x08007a90
 .igot.plt      0x200006c0        0x0 morse.o

.bss            0x200006c0      0x190 load address 0x08007a90
 *(.bss*)
 .bss.idx       0x200006c0        0x1 morse.o
                0x200006c0                idx
 .bss.morse     0x200006c1       0x14 morse.o
                0x200006c1                morse
 *fill*         0x200006d5        0x3 
 .bss           0x200006d8      0x13c /usr/lib/gcc/arm-none-eabi/13.2.1/../../../arm-none-eabi/lib/thumb/v7-m/nofp/libc.a(libc_a-findfp.o)
                0x200006d8                __sf
                0x20000810                __stdio_exit_handler
 .bss           0x20000814       0x34 /usr/lib/gcc/arm-none-eabi/13.2.1/../../../arm-none-eabi/lib/thumb/v7-m/nofp/libc.a(libc_a-mallocr.o)
                0x20000814                __malloc_top_pad
                0x20000818                __malloc_current_mallinfo
                0x20000840                __malloc_max_sbrked_mem
                0x20000844                __malloc_max_total_mem
 .bss           0x20000848        0x4 /usr/lib/gcc/arm-none-eabi/13.2.1/../../../arm-none-eabi/lib/thumb/v7-m/nofp/libc.a(libc_a-reent.o)
                0x20000848                errno
 .bss           0x2000084c        0x4 /usr/lib/gcc/arm-none-eabi/13.2.1/../../../arm-none-eabi/lib/thumb/v7-m/nofp/libnosys.a(sbrk.o)
 *(COMMON)
                0x20000850                        . = ALIGN (0x4)
                0x20000850                        _ebss = .

/DISCARD/
 *(.eh_frame)
                0x20000850                        . = ALIGN (0x4)
                0x20000850                        end = .
                0x20005000                        PROVIDE (_stack = (ORIGIN (ram) + LENGTH (ram)))
OUTPUT(morse.elf elf32-littlearm)
LOAD linker stubs

.debug_info     0x00000000    0x203af
 .debug_info    0x00000000      0xa7e morse.o
 .debug_info    0x00000a7e       0x33 /usr/lib/gcc/arm-none-eabi/13.2.1/../../../arm-none-eabi/lib/thumb/v7-m/nofp/libc.a(libc_a-strcmp.o)
 .debug_info    0x00000ab1      0x7dd /usr/lib/gcc/arm-none-eabi/13.2.1/../../../arm-none-eabi/lib/thumb/v7-m/nofp/libc.a(libc_a-putchar.o)
 .debug_info    0x0000128e      0x926 /usr/lib/gcc/arm-none-eabi/13.2.1/../../../arm-none-eabi/lib/thumb/v7-m/nofp/libc.a(libc_a-putc.o)
 .debug_info    0x00001bb4      0x881 /usr/lib/gcc/arm-none-eabi/13.2.1/../../../arm-none-eabi/lib/thumb/v7-m/nofp/libc.a(libc_a-wbuf.o)
 .debug_info    0x00002435      0xea8 /usr/lib/gcc/arm-none-eabi/13.2.1/../../../arm-none-eabi/lib/thumb/v7-m/nofp/libc.a(libc_a-findfp.o)
 .debug_info    0x000032dd      0x8fe /usr/lib/gcc/arm-none-eabi/13.2.1/../../../arm-none-eabi/lib/thumb/v7-m/nofp/libc.a(libc_a-puts.o)
 .debug_info    0x00003bdb      0xb3c /usr/lib/gcc/arm-none-eabi/13.2.1/../../../arm-none-eabi/lib/thumb/v7-m/nofp/libc.a(libc_a-fvwrite.o)
 .debug_info    0x00004717       0xbd /usr/lib/gcc/arm-none-eabi/13.2.1/../../../arm-none-eabi/lib/thumb/v7-m/nofp/libc.a(libc_a-strlen-stub.o)
 .debug_info    0x000047d4      0x855 /usr/lib/gcc/arm-none-eabi/13.2.1/../../../arm-none-eabi/lib/thumb/v7-m/nofp/libc.a(libc_a-printf.o)
 .debug_info    0x00005029      0x135 /usr/lib/gcc/arm-none-eabi/13.2.1/../../../arm-none-eabi/lib/thumb/v7-m/nofp/libc.a(libc_a-memset.o)
 .debug_info    0x0000515e      0x14a /usr/lib/gcc/arm-none-eabi/13.2.1/../../../arm-none-eabi/lib/thumb/v7-m/nofp/libc.a(libc_a-memchr-stub.o)
 .debug_info    0x000052a8      0x7e4 /usr/lib/gcc/arm-none-eabi/13.2.1/../../../arm-none-eabi/lib/thumb/v7-m/nofp/libc.a(libc_a-fwalk.o)
 .debug_info    0x00005a8c     0x1997 /usr/lib/gcc/arm-none-eabi/13.2.1/../../../arm-none-eabi/lib/thumb/v7-m/nofp/libc.a(libc_a-vfprintf.o)
 .debug_info    0x00007423      0xa4c /usr/lib/gcc/arm-none-eabi/13.2.1/../../../arm-none-eabi/lib/thumb/v7-m/nofp/libc.a(libc_a-fflush.o)
 .debug_info    0x00007e6f      0x148 /usr/lib/gcc/arm-none-eabi/13.2.1/../../../arm-none-eabi/lib/thumb/v7-m/nofp/libc.a(libc_a-memmove.o)
 .debug_info    0x00007fb7      0x729 /usr/lib/gcc/arm-none-eabi/13.2.1/../../../arm-none-eabi/lib/thumb/v7-m/nofp/libc.a(libc_a-impure.o)
 .debug_info    0x000086e0      0xcd9 /usr/lib/gcc/arm-none-eabi/13.2.1/../../../arm-none-eabi/lib/thumb/v7-m/nofp/libc.a(libc_a-mallocr.o)
 .debug_info    0x000093b9     0x18d8 /usr/lib/gcc/arm-none-eabi/13.2.1/../../../arm-none-eabi/lib/thumb/v7-m/nofp/libc.a(libc_a-dtoa.o)
 .debug_info    0x0000ac91      0x7cf /usr/lib/gcc/arm-none-eabi/13.2.1/../../../arm-none-eabi/lib/thumb/v7-m/nofp/libc.a(libc_a-wsetup.o)
 .debug_info    0x0000b460      0xb55 /usr/lib/gcc/arm-none-eabi/13.2.1/../../../arm-none-eabi/lib/thumb/v7-m/nofp/libc.a(libc_a-freer.o)
 .debug_info    0x0000bfb5      0x8e6 /usr/lib/gcc/arm-none-eabi/13.2.1/../../../arm-none-eabi/lib/thumb/v7-m/nofp/libc.a(libc_a-fclose.o)
 .debug_info    0x0000c89b       0x33 /usr/lib/gcc/arm-none-eabi/13.2.1/../../../arm-none-eabi/lib/thumb/v7-m/nofp/libc.a(libc_a-memcpy.o)
 .debug_info    0x0000c8ce       0xc1 /usr/lib/gcc/arm-none-eabi/13.2.1/../../../arm-none-eabi/lib/thumb/v7-m/nofp/libc.a(libc_a-sysconf.o)
 .debug_info    0x0000c98f      0xa9e /usr/lib/gcc/arm-none-eabi/13.2.1/../../../arm-none-eabi/lib/thumb/v7-m/nofp/libc.a(libc_a-stdio.o)
 .debug_info    0x0000d42d      0xbc9 /usr/lib/gcc/arm-none-eabi/13.2.1/../../../arm-none-eabi/lib/thumb/v7-m/nofp/libc.a(libc_a-reallocr.o)
 .debug_info    0x0000dff6      0x7d9 /usr/lib/gcc/arm-none-eabi/13.2.1/../../../arm-none-eabi/lib/thumb/v7-m/nofp/libc.a(libc_a-writer.o)
 .debug_info    0x0000e7cf      0x73a /usr/lib/gcc/arm-none-eabi/13.2.1/../../../arm-none-eabi/lib/thumb/v7-m/nofp/libc.a(libc_a-mlock.o)
 .debug_info    0x0000ef09      0x796 /usr/lib/gcc/arm-none-eabi/13.2.1/../../../arm-none-eabi/lib/thumb/v7-m/nofp/libc.a(libc_a-sbrkr.o)
 .debug_info    0x0000f69f      0x770 /usr/lib/gcc/arm-none-eabi/13.2.1/../../../arm-none-eabi/lib/thumb/v7-m/nofp/libc.a(libc_a-closer.o)
 .debug_info    0x0000fe0f      0x7ff /usr/lib/gcc/arm-none-eabi/13.2.1/../../../arm-none-eabi/lib/thumb/v7-m/nofp/libc.a(libc_a-sprint_r.o)
 .debug_info    0x0001060e      0x843 /usr/lib/gcc/arm-none-eabi/13.2.1/../../../arm-none-eabi/lib/thumb/v7-m/nofp/libc.a(libc_a-assert.o)
 .debug_info    0x00010e51     0x1e35 /usr/lib/gcc/arm-none-eabi/13.2.1/../../../arm-none-eabi/lib/thumb/v7-m/nofp/libc.a(libc_a-mprec.o)
 .debug_info    0x00012c86      0xa2c /usr/lib/gcc/arm-none-eabi/13.2.1/../../../arm-none-eabi/lib/thumb/v7-m/nofp/libc.a(libc_a-localeconv.o)
 .debug_info    0x000136b2      0xc08 /usr/lib/gcc/arm-none-eabi/13.2.1/../../../arm-none-eabi/lib/thumb/v7-m/nofp/libc.a(libc_a-makebuf.o)
 .debug_info    0x000142ba      0xbd7 /usr/lib/gcc/arm-none-eabi/13.2.1/../../../arm-none-eabi/lib/thumb/v7-m/nofp/libc.a(libc_a-locale.o)
 .debug_info    0x00014e91      0xace /usr/lib/gcc/arm-none-eabi/13.2.1/../../../arm-none-eabi/lib/thumb/v7-m/nofp/libc.a(libc_a-mbtowc_r.o)
 .debug_info    0x0001595f      0x70f /usr/lib/gcc/arm-none-eabi/13.2.1/../../../arm-none-eabi/lib/thumb/v7-m/nofp/libc.a(libc_a-errno.o)
 .debug_info    0x0001606e       0xd8 /usr/lib/gcc/arm-none-eabi/13.2.1/../../../arm-none-eabi/lib/thumb/v7-m/nofp/libc.a(libc_a-abort.o)
 .debug_info    0x00016146      0x8d9 /usr/lib/gcc/arm-none-eabi/13.2.1/../../../arm-none-eabi/lib/thumb/v7-m/nofp/libc.a(libc_a-callocr.o)
 .debug_info    0x00016a1f      0x7d3 /usr/lib/gcc/arm-none-eabi/13.2.1/../../../arm-none-eabi/lib/thumb/v7-m/nofp/libc.a(libc_a-readr.o)
 .debug_info    0x000171f2      0x872 /usr/lib/gcc/arm-none-eabi/13.2.1/../../../arm-none-eabi/lib/thumb/v7-m/nofp/libc.a(libc_a-fiprintf.o)
 .debug_info    0x00017a64      0xa8e /usr/lib/gcc/arm-none-eabi/13.2.1/../../../arm-none-eabi/lib/thumb/v7-m/nofp/libc.a(libc_a-wctomb_r.o)
 .debug_info    0x000184f2      0x7bc /usr/lib/gcc/arm-none-eabi/13.2.1/../../../arm-none-eabi/lib/thumb/v7-m/nofp/libc.a(libc_a-lseekr.o)
 .debug_info    0x00018cae      0x831 /usr/lib/gcc/arm-none-eabi/13.2.1/../../../arm-none-eabi/lib/thumb/v7-m/nofp/libc.a(libc_a-reent.o)
 .debug_info    0x000194df      0x995 /usr/lib/gcc/arm-none-eabi/13.2.1/../../../arm-none-eabi/lib/thumb/v7-m/nofp/libc.a(libc_a-fstatr.o)
 .debug_info    0x00019e74      0x770 /usr/lib/gcc/arm-none-eabi/13.2.1/../../../arm-none-eabi/lib/thumb/v7-m/nofp/libc.a(libc_a-isattyr.o)
 .debug_info    0x0001a5e4       0xb9 /usr/lib/gcc/arm-none-eabi/13.2.1/../../../arm-none-eabi/lib/thumb/v7-m/nofp/libc.a(libc_a-ctype_.o)
 .debug_info    0x0001a69d      0xc57 /usr/lib/gcc/arm-none-eabi/13.2.1/../../../arm-none-eabi/lib/thumb/v7-m/nofp/libc.a(libc_a-signal.o)
 .debug_info    0x0001b2f4      0x7fd /usr/lib/gcc/arm-none-eabi/13.2.1/../../../arm-none-eabi/lib/thumb/v7-m/nofp/libc.a(libc_a-signalr.o)
 .debug_info    0x0001baf1     0x1210 /usr/lib/gcc/arm-none-eabi/13.2.1/../../../arm-none-eabi/lib/thumb/v7-m/nofp/libc.a(libc_a-vfiprintf.o)
 .debug_info    0x0001cd01       0xd3 /usr/lib/gcc/arm-none-eabi/13.2.1/thumb/v7-m/nofp/libgcc.a(_arm_addsubdf3.o)
 .debug_info    0x0001cdd4       0x57 /usr/lib/gcc/arm-none-eabi/13.2.1/thumb/v7-m/nofp/libgcc.a(_arm_muldivdf3.o)
 .debug_info    0x0001ce2b       0xdf /usr/lib/gcc/arm-none-eabi/13.2.1/thumb/v7-m/nofp/libgcc.a(_arm_cmpdf2.o)
 .debug_info    0x0001cf0a       0x3c /usr/lib/gcc/arm-none-eabi/13.2.1/thumb/v7-m/nofp/libgcc.a(_arm_unorddf2.o)
 .debug_info    0x0001cf46       0x3c /usr/lib/gcc/arm-none-eabi/13.2.1/thumb/v7-m/nofp/libgcc.a(_arm_fixdfsi.o)
 .debug_info    0x0001cf82       0xde /usr/lib/gcc/arm-none-eabi/13.2.1/../../../arm-none-eabi/lib/thumb/v7-m/nofp/libnosys.a(close.o)
 .debug_info    0x0001d060      0x2f7 /usr/lib/gcc/arm-none-eabi/13.2.1/../../../arm-none-eabi/lib/thumb/v7-m/nofp/libnosys.a(fstat.o)
 .debug_info    0x0001d357       0xc9 /usr/lib/gcc/arm-none-eabi/13.2.1/../../../arm-none-eabi/lib/thumb/v7-m/nofp/libnosys.a(getpid.o)
 .debug_info    0x0001d420       0xde /usr/lib/gcc/arm-none-eabi/13.2.1/../../../arm-none-eabi/lib/thumb/v7-m/nofp/libnosys.a(isatty.o)
 .debug_info    0x0001d4fe       0xec /usr/lib/gcc/arm-none-eabi/13.2.1/../../../arm-none-eabi/lib/thumb/v7-m/nofp/libnosys.a(kill.o)
 .debug_info    0x0001d5ea      0x100 /usr/lib/gcc/arm-none-eabi/13.2.1/../../../arm-none-eabi/lib/thumb/v7-m/nofp/libnosys.a(lseek.o)
 .debug_info    0x0001d6ea      0x106 /usr/lib/gcc/arm-none-eabi/13.2.1/../../../arm-none-eabi/lib/thumb/v7-m/nofp/libnosys.a(read.o)
 .debug_info    0x0001d7f0       0xac /usr/lib/gcc/arm-none-eabi/13.2.1/../../../arm-none-eabi/lib/thumb/v7-m/nofp/libnosys.a(sbrk.o)
 .debug_info    0x0001d89c       0xa4 /usr/lib/gcc/arm-none-eabi/13.2.1/../../../arm-none-eabi/lib/thumb/v7-m/nofp/libnosys.a(_exit.o)
 .debug_info    0x0001d940      0x1d1 /home/msis/ES_034_emlab/stm32f103c8t6/libopencm3/lib/libopencm3_stm32f1.a(gpio.o)
 .debug_info    0x0001db11      0x23a /home/msis/ES_034_emlab/stm32f103c8t6/libopencm3/lib/libopencm3_stm32f1.a(gpio_common_all.o)
 .debug_info    0x0001dd4b     0x14b6 /home/msis/ES_034_emlab/stm32f103c8t6/libopencm3/lib/libopencm3_stm32f1.a(rcc.o)
 .debug_info    0x0001f201      0x5e6 /home/msis/ES_034_emlab/stm32f103c8t6/libopencm3/lib/libopencm3_stm32f1.a(rcc_common_all.o)
 .debug_info    0x0001f7e7      0x6b5 /home/msis/ES_034_emlab/stm32f103c8t6/libopencm3/lib/libopencm3_stm32f1.a(usart_common_all.o)
 .debug_info    0x0001fe9c      0x176 /home/msis/ES_034_emlab/stm32f103c8t6/libopencm3/lib/libopencm3_stm32f1.a(usart_common_f124.o)
 .debug_info    0x00020012      0x2b8 /home/msis/ES_034_emlab/stm32f103c8t6/libopencm3/lib/libopencm3_stm32f1.a(vector.o)
 .debug_info    0x000202ca       0xe5 /home/msis/ES_034_emlab/stm32f103c8t6/libopencm3/lib/libopencm3_stm32f1.a(flash_common_all.o)

.debug_abbrev   0x00000000     0x7fec
 .debug_abbrev  0x00000000      0x2e0 morse.o
 .debug_abbrev  0x000002e0       0x28 /usr/lib/gcc/arm-none-eabi/13.2.1/../../../arm-none-eabi/lib/thumb/v7-m/nofp/libc.a(libc_a-strcmp.o)
 .debug_abbrev  0x00000308      0x20c /usr/lib/gcc/arm-none-eabi/13.2.1/../../../arm-none-eabi/lib/thumb/v7-m/nofp/libc.a(libc_a-putchar.o)
 .debug_abbrev  0x00000514      0x2a6 /usr/lib/gcc/arm-none-eabi/13.2.1/../../../arm-none-eabi/lib/thumb/v7-m/nofp/libc.a(libc_a-putc.o)
 .debug_abbrev  0x000007ba      0x272 /usr/lib/gcc/arm-none-eabi/13.2.1/../../../arm-none-eabi/lib/thumb/v7-m/nofp/libc.a(libc_a-wbuf.o)
 .debug_abbrev  0x00000a2c      0x446 /usr/lib/gcc/arm-none-eabi/13.2.1/../../../arm-none-eabi/lib/thumb/v7-m/nofp/libc.a(libc_a-findfp.o)
 .debug_abbrev  0x00000e72      0x274 /usr/lib/gcc/arm-none-eabi/13.2.1/../../../arm-none-eabi/lib/thumb/v7-m/nofp/libc.a(libc_a-puts.o)
 .debug_abbrev  0x000010e6      0x260 /usr/lib/gcc/arm-none-eabi/13.2.1/../../../arm-none-eabi/lib/thumb/v7-m/nofp/libc.a(libc_a-fvwrite.o)
 .debug_abbrev  0x00001346       0x78 /usr/lib/gcc/arm-none-eabi/13.2.1/../../../arm-none-eabi/lib/thumb/v7-m/nofp/libc.a(libc_a-strlen-stub.o)
 .debug_abbrev  0x000013be      0x256 /usr/lib/gcc/arm-none-eabi/13.2.1/../../../arm-none-eabi/lib/thumb/v7-m/nofp/libc.a(libc_a-printf.o)
 .debug_abbrev  0x00001614       0xb7 /usr/lib/gcc/arm-none-eabi/13.2.1/../../../arm-none-eabi/lib/thumb/v7-m/nofp/libc.a(libc_a-memset.o)
 .debug_abbrev  0x000016cb       0xc7 /usr/lib/gcc/arm-none-eabi/13.2.1/../../../arm-none-eabi/lib/thumb/v7-m/nofp/libc.a(libc_a-memchr-stub.o)
 .debug_abbrev  0x00001792      0x1d9 /usr/lib/gcc/arm-none-eabi/13.2.1/../../../arm-none-eabi/lib/thumb/v7-m/nofp/libc.a(libc_a-fwalk.o)
 .debug_abbrev  0x0000196b      0x4e2 /usr/lib/gcc/arm-none-eabi/13.2.1/../../../arm-none-eabi/lib/thumb/v7-m/nofp/libc.a(libc_a-vfprintf.o)
 .debug_abbrev  0x00001e4d      0x31f /usr/lib/gcc/arm-none-eabi/13.2.1/../../../arm-none-eabi/lib/thumb/v7-m/nofp/libc.a(libc_a-fflush.o)
 .debug_abbrev  0x0000216c       0xc3 /usr/lib/gcc/arm-none-eabi/13.2.1/../../../arm-none-eabi/lib/thumb/v7-m/nofp/libc.a(libc_a-memmove.o)
 .debug_abbrev  0x0000222f      0x185 /usr/lib/gcc/arm-none-eabi/13.2.1/../../../arm-none-eabi/lib/thumb/v7-m/nofp/libc.a(libc_a-impure.o)
 .debug_abbrev  0x000023b4      0x2d7 /usr/lib/gcc/arm-none-eabi/13.2.1/../../../arm-none-eabi/lib/thumb/v7-m/nofp/libc.a(libc_a-mallocr.o)
 .debug_abbrev  0x0000268b      0x364 /usr/lib/gcc/arm-none-eabi/13.2.1/../../../arm-none-eabi/lib/thumb/v7-m/nofp/libc.a(libc_a-dtoa.o)
 .debug_abbrev  0x000029ef      0x21e /usr/lib/gcc/arm-none-eabi/13.2.1/../../../arm-none-eabi/lib/thumb/v7-m/nofp/libc.a(libc_a-wsetup.o)
 .debug_abbrev  0x00002c0d      0x27f /usr/lib/gcc/arm-none-eabi/13.2.1/../../../arm-none-eabi/lib/thumb/v7-m/nofp/libc.a(libc_a-freer.o)
 .debug_abbrev  0x00002e8c      0x2ed /usr/lib/gcc/arm-none-eabi/13.2.1/../../../arm-none-eabi/lib/thumb/v7-m/nofp/libc.a(libc_a-fclose.o)
 .debug_abbrev  0x00003179       0x28 /usr/lib/gcc/arm-none-eabi/13.2.1/../../../arm-none-eabi/lib/thumb/v7-m/nofp/libc.a(libc_a-memcpy.o)
 .debug_abbrev  0x000031a1       0x80 /usr/lib/gcc/arm-none-eabi/13.2.1/../../../arm-none-eabi/lib/thumb/v7-m/nofp/libc.a(libc_a-sysconf.o)
 .debug_abbrev  0x00003221      0x260 /usr/lib/gcc/arm-none-eabi/13.2.1/../../../arm-none-eabi/lib/thumb/v7-m/nofp/libc.a(libc_a-stdio.o)
 .debug_abbrev  0x00003481      0x2a3 /usr/lib/gcc/arm-none-eabi/13.2.1/../../../arm-none-eabi/lib/thumb/v7-m/nofp/libc.a(libc_a-reallocr.o)
 .debug_abbrev  0x00003724      0x1f1 /usr/lib/gcc/arm-none-eabi/13.2.1/../../../arm-none-eabi/lib/thumb/v7-m/nofp/libc.a(libc_a-writer.o)
 .debug_abbrev  0x00003915      0x1ce /usr/lib/gcc/arm-none-eabi/13.2.1/../../../arm-none-eabi/lib/thumb/v7-m/nofp/libc.a(libc_a-mlock.o)
 .debug_abbrev  0x00003ae3      0x216 /usr/lib/gcc/arm-none-eabi/13.2.1/../../../arm-none-eabi/lib/thumb/v7-m/nofp/libc.a(libc_a-sbrkr.o)
 .debug_abbrev  0x00003cf9      0x1ec /usr/lib/gcc/arm-none-eabi/13.2.1/../../../arm-none-eabi/lib/thumb/v7-m/nofp/libc.a(libc_a-closer.o)
 .debug_abbrev  0x00003ee5      0x1d4 /usr/lib/gcc/arm-none-eabi/13.2.1/../../../arm-none-eabi/lib/thumb/v7-m/nofp/libc.a(libc_a-sprint_r.o)
 .debug_abbrev  0x000040b9      0x226 /usr/lib/gcc/arm-none-eabi/13.2.1/../../../arm-none-eabi/lib/thumb/v7-m/nofp/libc.a(libc_a-assert.o)
 .debug_abbrev  0x000042df      0x502 /usr/lib/gcc/arm-none-eabi/13.2.1/../../../arm-none-eabi/lib/thumb/v7-m/nofp/libc.a(libc_a-mprec.o)
 .debug_abbrev  0x000047e1      0x26a /usr/lib/gcc/arm-none-eabi/13.2.1/../../../arm-none-eabi/lib/thumb/v7-m/nofp/libc.a(libc_a-localeconv.o)
 .debug_abbrev  0x00004a4b      0x2c1 /usr/lib/gcc/arm-none-eabi/13.2.1/../../../arm-none-eabi/lib/thumb/v7-m/nofp/libc.a(libc_a-makebuf.o)
 .debug_abbrev  0x00004d0c      0x2d9 /usr/lib/gcc/arm-none-eabi/13.2.1/../../../arm-none-eabi/lib/thumb/v7-m/nofp/libc.a(libc_a-locale.o)
 .debug_abbrev  0x00004fe5      0x244 /usr/lib/gcc/arm-none-eabi/13.2.1/../../../arm-none-eabi/lib/thumb/v7-m/nofp/libc.a(libc_a-mbtowc_r.o)
 .debug_abbrev  0x00005229      0x19a /usr/lib/gcc/arm-none-eabi/13.2.1/../../../arm-none-eabi/lib/thumb/v7-m/nofp/libc.a(libc_a-errno.o)
 .debug_abbrev  0x000053c3       0x99 /usr/lib/gcc/arm-none-eabi/13.2.1/../../../arm-none-eabi/lib/thumb/v7-m/nofp/libc.a(libc_a-abort.o)
 .debug_abbrev  0x0000545c      0x25b /usr/lib/gcc/arm-none-eabi/13.2.1/../../../arm-none-eabi/lib/thumb/v7-m/nofp/libc.a(libc_a-callocr.o)
 .debug_abbrev  0x000056b7      0x1ec /usr/lib/gcc/arm-none-eabi/13.2.1/../../../arm-none-eabi/lib/thumb/v7-m/nofp/libc.a(libc_a-readr.o)
 .debug_abbrev  0x000058a3      0x252 /usr/lib/gcc/arm-none-eabi/13.2.1/../../../arm-none-eabi/lib/thumb/v7-m/nofp/libc.a(libc_a-fiprintf.o)
 .debug_abbrev  0x00005af5      0x23d /usr/lib/gcc/arm-none-eabi/13.2.1/../../../arm-none-eabi/lib/thumb/v7-m/nofp/libc.a(libc_a-wctomb_r.o)
 .debug_abbrev  0x00005d32      0x200 /usr/lib/gcc/arm-none-eabi/13.2.1/../../../arm-none-eabi/lib/thumb/v7-m/nofp/libc.a(libc_a-lseekr.o)
 .debug_abbrev  0x00005f32      0x22a /usr/lib/gcc/arm-none-eabi/13.2.1/../../../arm-none-eabi/lib/thumb/v7-m/nofp/libc.a(libc_a-reent.o)
 .debug_abbrev  0x0000615c      0x1ff /usr/lib/gcc/arm-none-eabi/13.2.1/../../../arm-none-eabi/lib/thumb/v7-m/nofp/libc.a(libc_a-fstatr.o)
 .debug_abbrev  0x0000635b      0x1ec /usr/lib/gcc/arm-none-eabi/13.2.1/../../../arm-none-eabi/lib/thumb/v7-m/nofp/libc.a(libc_a-isattyr.o)
 .debug_abbrev  0x00006547       0x62 /usr/lib/gcc/arm-none-eabi/13.2.1/../../../arm-none-eabi/lib/thumb/v7-m/nofp/libc.a(libc_a-ctype_.o)
 .debug_abbrev  0x000065a9      0x313 /usr/lib/gcc/arm-none-eabi/13.2.1/../../../arm-none-eabi/lib/thumb/v7-m/nofp/libc.a(libc_a-signal.o)
 .debug_abbrev  0x000068bc      0x239 /usr/lib/gcc/arm-none-eabi/13.2.1/../../../arm-none-eabi/lib/thumb/v7-m/nofp/libc.a(libc_a-signalr.o)
 .debug_abbrev  0x00006af5      0x3e6 /usr/lib/gcc/arm-none-eabi/13.2.1/../../../arm-none-eabi/lib/thumb/v7-m/nofp/libc.a(libc_a-vfiprintf.o)
 .debug_abbrev  0x00006edb       0x28 /usr/lib/gcc/arm-none-eabi/13.2.1/thumb/v7-m/nofp/libgcc.a(_arm_addsubdf3.o)
 .debug_abbrev  0x00006f03       0x28 /usr/lib/gcc/arm-none-eabi/13.2.1/thumb/v7-m/nofp/libgcc.a(_arm_muldivdf3.o)
 .debug_abbrev  0x00006f2b       0x28 /usr/lib/gcc/arm-none-eabi/13.2.1/thumb/v7-m/nofp/libgcc.a(_arm_cmpdf2.o)
 .debug_abbrev  0x00006f53       0x28 /usr/lib/gcc/arm-none-eabi/13.2.1/thumb/v7-m/nofp/libgcc.a(_arm_unorddf2.o)
 .debug_abbrev  0x00006f7b       0x28 /usr/lib/gcc/arm-none-eabi/13.2.1/thumb/v7-m/nofp/libgcc.a(_arm_fixdfsi.o)
 .debug_abbrev  0x00006fa3       0x96 /usr/lib/gcc/arm-none-eabi/13.2.1/../../../arm-none-eabi/lib/thumb/v7-m/nofp/libnosys.a(close.o)
 .debug_abbrev  0x00007039       0xe4 /usr/lib/gcc/arm-none-eabi/13.2.1/../../../arm-none-eabi/lib/thumb/v7-m/nofp/libnosys.a(fstat.o)
 .debug_abbrev  0x0000711d       0x82 /usr/lib/gcc/arm-none-eabi/13.2.1/../../../arm-none-eabi/lib/thumb/v7-m/nofp/libnosys.a(getpid.o)
 .debug_abbrev  0x0000719f       0x96 /usr/lib/gcc/arm-none-eabi/13.2.1/../../../arm-none-eabi/lib/thumb/v7-m/nofp/libnosys.a(isatty.o)
 .debug_abbrev  0x00007235       0xa7 /usr/lib/gcc/arm-none-eabi/13.2.1/../../../arm-none-eabi/lib/thumb/v7-m/nofp/libnosys.a(kill.o)
 .debug_abbrev  0x000072dc       0xbb /usr/lib/gcc/arm-none-eabi/13.2.1/../../../arm-none-eabi/lib/thumb/v7-m/nofp/libnosys.a(lseek.o)
 .debug_abbrev  0x00007397       0xc4 /usr/lib/gcc/arm-none-eabi/13.2.1/../../../arm-none-eabi/lib/thumb/v7-m/nofp/libnosys.a(read.o)
 .debug_abbrev  0x0000745b       0xa1 /usr/lib/gcc/arm-none-eabi/13.2.1/../../../arm-none-eabi/lib/thumb/v7-m/nofp/libnosys.a(sbrk.o)
 .debug_abbrev  0x000074fc       0x69 /usr/lib/gcc/arm-none-eabi/13.2.1/../../../arm-none-eabi/lib/thumb/v7-m/nofp/libnosys.a(_exit.o)
 .debug_abbrev  0x00007565       0xd3 /home/msis/ES_034_emlab/stm32f103c8t6/libopencm3/lib/libopencm3_stm32f1.a(gpio.o)
 .debug_abbrev  0x00007638      0x117 /home/msis/ES_034_emlab/stm32f103c8t6/libopencm3/lib/libopencm3_stm32f1.a(gpio_common_all.o)
 .debug_abbrev  0x0000774f      0x2bf /home/msis/ES_034_emlab/stm32f103c8t6/libopencm3/lib/libopencm3_stm32f1.a(rcc.o)
 .debug_abbrev  0x00007a0e      0x186 /home/msis/ES_034_emlab/stm32f103c8t6/libopencm3/lib/libopencm3_stm32f1.a(rcc_common_all.o)
 .debug_abbrev  0x00007b94      0x1c1 /home/msis/ES_034_emlab/stm32f103c8t6/libopencm3/lib/libopencm3_stm32f1.a(usart_common_all.o)
 .debug_abbrev  0x00007d55       0xb8 /home/msis/ES_034_emlab/stm32f103c8t6/libopencm3/lib/libopencm3_stm32f1.a(usart_common_f124.o)
 .debug_abbrev  0x00007e0d      0x149 /home/msis/ES_034_emlab/stm32f103c8t6/libopencm3/lib/libopencm3_stm32f1.a(vector.o)
 .debug_abbrev  0x00007f56       0x96 /home/msis/ES_034_emlab/stm32f103c8t6/libopencm3/lib/libopencm3_stm32f1.a(flash_common_all.o)

.debug_loclists
                0x00000000     0xc715
 .debug_loclists
                0x00000000       0xfc morse.o
 .debug_loclists
                0x000000fc       0x63 /usr/lib/gcc/arm-none-eabi/13.2.1/../../../arm-none-eabi/lib/thumb/v7-m/nofp/libc.a(libc_a-putchar.o)
 .debug_loclists
                0x0000015f      0x276 /usr/lib/gcc/arm-none-eabi/13.2.1/../../../arm-none-eabi/lib/thumb/v7-m/nofp/libc.a(libc_a-putc.o)
 .debug_loclists
                0x000003d5      0x11d /usr/lib/gcc/arm-none-eabi/13.2.1/../../../arm-none-eabi/lib/thumb/v7-m/nofp/libc.a(libc_a-wbuf.o)
 .debug_loclists
                0x000004f2      0x1d0 /usr/lib/gcc/arm-none-eabi/13.2.1/../../../arm-none-eabi/lib/thumb/v7-m/nofp/libc.a(libc_a-findfp.o)
 .debug_loclists
                0x000006c2       0x88 /usr/lib/gcc/arm-none-eabi/13.2.1/../../../arm-none-eabi/lib/thumb/v7-m/nofp/libc.a(libc_a-puts.o)
 .debug_loclists
                0x0000074a      0x3f8 /usr/lib/gcc/arm-none-eabi/13.2.1/../../../arm-none-eabi/lib/thumb/v7-m/nofp/libc.a(libc_a-fvwrite.o)
 .debug_loclists
                0x00000b42       0x29 /usr/lib/gcc/arm-none-eabi/13.2.1/../../../arm-none-eabi/lib/thumb/v7-m/nofp/libc.a(libc_a-strlen-stub.o)
 .debug_loclists
                0x00000b6b       0x3c /usr/lib/gcc/arm-none-eabi/13.2.1/../../../arm-none-eabi/lib/thumb/v7-m/nofp/libc.a(libc_a-printf.o)
 .debug_loclists
                0x00000ba7      0x1d7 /usr/lib/gcc/arm-none-eabi/13.2.1/../../../arm-none-eabi/lib/thumb/v7-m/nofp/libc.a(libc_a-memset.o)
 .debug_loclists
                0x00000d7e      0x172 /usr/lib/gcc/arm-none-eabi/13.2.1/../../../arm-none-eabi/lib/thumb/v7-m/nofp/libc.a(libc_a-memchr-stub.o)
 .debug_loclists
                0x00000ef0       0x79 /usr/lib/gcc/arm-none-eabi/13.2.1/../../../arm-none-eabi/lib/thumb/v7-m/nofp/libc.a(libc_a-fwalk.o)
 .debug_loclists
                0x00000f69     0x2417 /usr/lib/gcc/arm-none-eabi/13.2.1/../../../arm-none-eabi/lib/thumb/v7-m/nofp/libc.a(libc_a-vfprintf.o)
 .debug_loclists
                0x00003380      0x2a4 /usr/lib/gcc/arm-none-eabi/13.2.1/../../../arm-none-eabi/lib/thumb/v7-m/nofp/libc.a(libc_a-fflush.o)
 .debug_loclists
                0x00003624      0x21b /usr/lib/gcc/arm-none-eabi/13.2.1/../../../arm-none-eabi/lib/thumb/v7-m/nofp/libc.a(libc_a-memmove.o)
 .debug_loclists
                0x0000383f      0x9fa /usr/lib/gcc/arm-none-eabi/13.2.1/../../../arm-none-eabi/lib/thumb/v7-m/nofp/libc.a(libc_a-mallocr.o)
 .debug_loclists
                0x00004239     0x1fec /usr/lib/gcc/arm-none-eabi/13.2.1/../../../arm-none-eabi/lib/thumb/v7-m/nofp/libc.a(libc_a-dtoa.o)
 .debug_loclists
                0x00006225       0x61 /usr/lib/gcc/arm-none-eabi/13.2.1/../../../arm-none-eabi/lib/thumb/v7-m/nofp/libc.a(libc_a-wsetup.o)
 .debug_loclists
                0x00006286      0x464 /usr/lib/gcc/arm-none-eabi/13.2.1/../../../arm-none-eabi/lib/thumb/v7-m/nofp/libc.a(libc_a-freer.o)
 .debug_loclists
                0x000066ea       0xf7 /usr/lib/gcc/arm-none-eabi/13.2.1/../../../arm-none-eabi/lib/thumb/v7-m/nofp/libc.a(libc_a-fclose.o)
 .debug_loclists
                0x000067e1       0x3b /usr/lib/gcc/arm-none-eabi/13.2.1/../../../arm-none-eabi/lib/thumb/v7-m/nofp/libc.a(libc_a-sysconf.o)
 .debug_loclists
                0x0000681c      0x23b /usr/lib/gcc/arm-none-eabi/13.2.1/../../../arm-none-eabi/lib/thumb/v7-m/nofp/libc.a(libc_a-stdio.o)
 .debug_loclists
                0x00006a57      0xb97 /usr/lib/gcc/arm-none-eabi/13.2.1/../../../arm-none-eabi/lib/thumb/v7-m/nofp/libc.a(libc_a-reallocr.o)
 .debug_loclists
                0x000075ee       0x97 /usr/lib/gcc/arm-none-eabi/13.2.1/../../../arm-none-eabi/lib/thumb/v7-m/nofp/libc.a(libc_a-writer.o)
 .debug_loclists
                0x00007685       0x4b /usr/lib/gcc/arm-none-eabi/13.2.1/../../../arm-none-eabi/lib/thumb/v7-m/nofp/libc.a(libc_a-sbrkr.o)
 .debug_loclists
                0x000076d0       0x4b /usr/lib/gcc/arm-none-eabi/13.2.1/../../../arm-none-eabi/lib/thumb/v7-m/nofp/libc.a(libc_a-closer.o)
 .debug_loclists
                0x0000771b       0x72 /usr/lib/gcc/arm-none-eabi/13.2.1/../../../arm-none-eabi/lib/thumb/v7-m/nofp/libc.a(libc_a-sprint_r.o)
 .debug_loclists
                0x0000778d       0xfa /usr/lib/gcc/arm-none-eabi/13.2.1/../../../arm-none-eabi/lib/thumb/v7-m/nofp/libc.a(libc_a-assert.o)
 .debug_loclists
                0x00007887     0x22b6 /usr/lib/gcc/arm-none-eabi/13.2.1/../../../arm-none-eabi/lib/thumb/v7-m/nofp/libc.a(libc_a-mprec.o)
 .debug_loclists
                0x00009b3d       0x48 /usr/lib/gcc/arm-none-eabi/13.2.1/../../../arm-none-eabi/lib/thumb/v7-m/nofp/libc.a(libc_a-localeconv.o)
 .debug_loclists
                0x00009b85      0x25e /usr/lib/gcc/arm-none-eabi/13.2.1/../../../arm-none-eabi/lib/thumb/v7-m/nofp/libc.a(libc_a-makebuf.o)
 .debug_loclists
                0x00009de3      0x151 /usr/lib/gcc/arm-none-eabi/13.2.1/../../../arm-none-eabi/lib/thumb/v7-m/nofp/libc.a(libc_a-locale.o)
 .debug_loclists
                0x00009f34      0x158 /usr/lib/gcc/arm-none-eabi/13.2.1/../../../arm-none-eabi/lib/thumb/v7-m/nofp/libc.a(libc_a-mbtowc_r.o)
 .debug_loclists
                0x0000a08c      0x1f6 /usr/lib/gcc/arm-none-eabi/13.2.1/../../../arm-none-eabi/lib/thumb/v7-m/nofp/libc.a(libc_a-callocr.o)
 .debug_loclists
                0x0000a282       0x97 /usr/lib/gcc/arm-none-eabi/13.2.1/../../../arm-none-eabi/lib/thumb/v7-m/nofp/libc.a(libc_a-readr.o)
 .debug_loclists
                0x0000a319       0x6b /usr/lib/gcc/arm-none-eabi/13.2.1/../../../arm-none-eabi/lib/thumb/v7-m/nofp/libc.a(libc_a-fiprintf.o)
 .debug_loclists
                0x0000a384       0xed /usr/lib/gcc/arm-none-eabi/13.2.1/../../../arm-none-eabi/lib/thumb/v7-m/nofp/libc.a(libc_a-wctomb_r.o)
 .debug_loclists
                0x0000a471       0x97 /usr/lib/gcc/arm-none-eabi/13.2.1/../../../arm-none-eabi/lib/thumb/v7-m/nofp/libc.a(libc_a-lseekr.o)
 .debug_loclists
                0x0000a508       0x6e /usr/lib/gcc/arm-none-eabi/13.2.1/../../../arm-none-eabi/lib/thumb/v7-m/nofp/libc.a(libc_a-reent.o)
 .debug_loclists
                0x0000a576       0x6a /usr/lib/gcc/arm-none-eabi/13.2.1/../../../arm-none-eabi/lib/thumb/v7-m/nofp/libc.a(libc_a-fstatr.o)
 .debug_loclists
                0x0000a5e0       0x4b /usr/lib/gcc/arm-none-eabi/13.2.1/../../../arm-none-eabi/lib/thumb/v7-m/nofp/libc.a(libc_a-isattyr.o)
 .debug_loclists
                0x0000a62b      0x59c /usr/lib/gcc/arm-none-eabi/13.2.1/../../../arm-none-eabi/lib/thumb/v7-m/nofp/libc.a(libc_a-signal.o)
 .debug_loclists
                0x0000abc7       0x82 /usr/lib/gcc/arm-none-eabi/13.2.1/../../../arm-none-eabi/lib/thumb/v7-m/nofp/libc.a(libc_a-signalr.o)
 .debug_loclists
                0x0000ac49     0x11c5 /usr/lib/gcc/arm-none-eabi/13.2.1/../../../arm-none-eabi/lib/thumb/v7-m/nofp/libc.a(libc_a-vfiprintf.o)
 .debug_loclists
                0x0000be0e       0x24 /usr/lib/gcc/arm-none-eabi/13.2.1/../../../arm-none-eabi/lib/thumb/v7-m/nofp/libnosys.a(close.o)
 .debug_loclists
                0x0000be32       0x24 /usr/lib/gcc/arm-none-eabi/13.2.1/../../../arm-none-eabi/lib/thumb/v7-m/nofp/libnosys.a(fstat.o)
 .debug_loclists
                0x0000be56       0x24 /usr/lib/gcc/arm-none-eabi/13.2.1/../../../arm-none-eabi/lib/thumb/v7-m/nofp/libnosys.a(isatty.o)
 .debug_loclists
                0x0000be7a       0x24 /usr/lib/gcc/arm-none-eabi/13.2.1/../../../arm-none-eabi/lib/thumb/v7-m/nofp/libnosys.a(kill.o)
 .debug_loclists
                0x0000be9e       0x3c /usr/lib/gcc/arm-none-eabi/13.2.1/../../../arm-none-eabi/lib/thumb/v7-m/nofp/libnosys.a(lseek.o)
 .debug_loclists
                0x0000beda       0x3c /usr/lib/gcc/arm-none-eabi/13.2.1/../../../arm-none-eabi/lib/thumb/v7-m/nofp/libnosys.a(read.o)
 .debug_loclists
                0x0000bf16       0x30 /usr/lib/gcc/arm-none-eabi/13.2.1/../../../arm-none-eabi/lib/thumb/v7-m/nofp/libnosys.a(sbrk.o)
 .debug_loclists
                0x0000bf46       0x14 /usr/lib/gcc/arm-none-eabi/13.2.1/../../../arm-none-eabi/lib/thumb/v7-m/nofp/libnosys.a(_exit.o)
 .debug_loclists
                0x0000bf5a       0xd5 /home/msis/ES_034_emlab/stm32f103c8t6/libopencm3/lib/libopencm3_stm32f1.a(gpio.o)
 .debug_loclists
                0x0000c02f       0x96 /home/msis/ES_034_emlab/stm32f103c8t6/libopencm3/lib/libopencm3_stm32f1.a(gpio_common_all.o)
 .debug_loclists
                0x0000c0c5      0x2cb /home/msis/ES_034_emlab/stm32f103c8t6/libopencm3/lib/libopencm3_stm32f1.a(rcc.o)
 .debug_loclists
                0x0000c390       0x87 /home/msis/ES_034_emlab/stm32f103c8t6/libopencm3/lib/libopencm3_stm32f1.a(rcc_common_all.o)
 .debug_loclists
                0x0000c417      0x1b8 /home/msis/ES_034_emlab/stm32f103c8t6/libopencm3/lib/libopencm3_stm32f1.a(usart_common_all.o)
 .debug_loclists
                0x0000c5cf       0x79 /home/msis/ES_034_emlab/stm32f103c8t6/libopencm3/lib/libopencm3_stm32f1.a(usart_common_f124.o)
 .debug_loclists
                0x0000c648       0xb6 /home/msis/ES_034_emlab/stm32f103c8t6/libopencm3/lib/libopencm3_stm32f1.a(vector.o)
 .debug_loclists
                0x0000c6fe       0x17 /home/msis/ES_034_emlab/stm32f103c8t6/libopencm3/lib/libopencm3_stm32f1.a(flash_common_all.o)

.debug_aranges  0x00000000      0xc38
 .debug_aranges
                0x00000000       0x30 morse.o
 .debug_aranges
                0x00000030       0x20 /usr/lib/gcc/arm-none-eabi/13.2.1/../../../arm-none-eabi/lib/thumb/v7-m/nofp/libc.a(libc_a-strcmp.o)
 .debug_aranges
                0x00000050       0x20 /usr/lib/gcc/arm-none-eabi/13.2.1/../../../arm-none-eabi/lib/thumb/v7-m/nofp/libc.a(libc_a-putchar.o)
 .debug_aranges
                0x00000070       0x20 /usr/lib/gcc/arm-none-eabi/13.2.1/../../../arm-none-eabi/lib/thumb/v7-m/nofp/libc.a(libc_a-putc.o)
 .debug_aranges
                0x00000090       0x20 /usr/lib/gcc/arm-none-eabi/13.2.1/../../../arm-none-eabi/lib/thumb/v7-m/nofp/libc.a(libc_a-wbuf.o)
 .debug_aranges
                0x000000b0       0x20 /usr/lib/gcc/arm-none-eabi/13.2.1/../../../arm-none-eabi/lib/thumb/v7-m/nofp/libc.a(libc_a-findfp.o)
 .debug_aranges
                0x000000d0       0x20 /usr/lib/gcc/arm-none-eabi/13.2.1/../../../arm-none-eabi/lib/thumb/v7-m/nofp/libc.a(libc_a-puts.o)
 .debug_aranges
                0x000000f0       0x20 /usr/lib/gcc/arm-none-eabi/13.2.1/../../../arm-none-eabi/lib/thumb/v7-m/nofp/libc.a(libc_a-fvwrite.o)
 .debug_aranges
                0x00000110       0x20 /usr/lib/gcc/arm-none-eabi/13.2.1/../../../arm-none-eabi/lib/thumb/v7-m/nofp/libc.a(libc_a-strlen-stub.o)
 .debug_aranges
                0x00000130       0x20 /usr/lib/gcc/arm-none-eabi/13.2.1/../../../arm-none-eabi/lib/thumb/v7-m/nofp/libc.a(libc_a-printf.o)
 .debug_aranges
                0x00000150       0x20 /usr/lib/gcc/arm-none-eabi/13.2.1/../../../arm-none-eabi/lib/thumb/v7-m/nofp/libc.a(libc_a-memset.o)
 .debug_aranges
                0x00000170       0x20 /usr/lib/gcc/arm-none-eabi/13.2.1/../../../arm-none-eabi/lib/thumb/v7-m/nofp/libc.a(libc_a-memchr-stub.o)
 .debug_aranges
                0x00000190       0x20 /usr/lib/gcc/arm-none-eabi/13.2.1/../../../arm-none-eabi/lib/thumb/v7-m/nofp/libc.a(libc_a-fwalk.o)
 .debug_aranges
                0x000001b0       0x20 /usr/lib/gcc/arm-none-eabi/13.2.1/../../../arm-none-eabi/lib/thumb/v7-m/nofp/libc.a(libc_a-vfprintf.o)
 .debug_aranges
                0x000001d0       0x20 /usr/lib/gcc/arm-none-eabi/13.2.1/../../../arm-none-eabi/lib/thumb/v7-m/nofp/libc.a(libc_a-fflush.o)
 .debug_aranges
                0x000001f0       0x20 /usr/lib/gcc/arm-none-eabi/13.2.1/../../../arm-none-eabi/lib/thumb/v7-m/nofp/libc.a(libc_a-memmove.o)
 .debug_aranges
                0x00000210       0x18 /usr/lib/gcc/arm-none-eabi/13.2.1/../../../arm-none-eabi/lib/thumb/v7-m/nofp/libc.a(libc_a-impure.o)
 .debug_aranges
                0x00000228       0x20 /usr/lib/gcc/arm-none-eabi/13.2.1/../../../arm-none-eabi/lib/thumb/v7-m/nofp/libc.a(libc_a-mallocr.o)
 .debug_aranges
                0x00000248       0x20 /usr/lib/gcc/arm-none-eabi/13.2.1/../../../arm-none-eabi/lib/thumb/v7-m/nofp/libc.a(libc_a-dtoa.o)
 .debug_aranges
                0x00000268       0x20 /usr/lib/gcc/arm-none-eabi/13.2.1/../../../arm-none-eabi/lib/thumb/v7-m/nofp/libc.a(libc_a-wsetup.o)
 .debug_aranges
                0x00000288       0x20 /usr/lib/gcc/arm-none-eabi/13.2.1/../../../arm-none-eabi/lib/thumb/v7-m/nofp/libc.a(libc_a-freer.o)
 .debug_aranges
                0x000002a8       0x20 /usr/lib/gcc/arm-none-eabi/13.2.1/../../../arm-none-eabi/lib/thumb/v7-m/nofp/libc.a(libc_a-fclose.o)
 .debug_aranges
                0x000002c8       0x20 /usr/lib/gcc/arm-none-eabi/13.2.1/../../../arm-none-eabi/lib/thumb/v7-m/nofp/libc.a(libc_a-memcpy.o)
 .debug_aranges
                0x000002e8       0x20 /usr/lib/gcc/arm-none-eabi/13.2.1/../../../arm-none-eabi/lib/thumb/v7-m/nofp/libc.a(libc_a-sysconf.o)
 .debug_aranges
                0x00000308       0x20 /usr/lib/gcc/arm-none-eabi/13.2.1/../../../arm-none-eabi/lib/thumb/v7-m/nofp/libc.a(libc_a-stdio.o)
 .debug_aranges
                0x00000328       0x20 /usr/lib/gcc/arm-none-eabi/13.2.1/../../../arm-none-eabi/lib/thumb/v7-m/nofp/libc.a(libc_a-reallocr.o)
 .debug_aranges
                0x00000348       0x20 /usr/lib/gcc/arm-none-eabi/13.2.1/../../../arm-none-eabi/lib/thumb/v7-m/nofp/libc.a(libc_a-writer.o)
 .debug_aranges
                0x00000368       0x20 /usr/lib/gcc/arm-none-eabi/13.2.1/../../../arm-none-eabi/lib/thumb/v7-m/nofp/libc.a(libc_a-mlock.o)
 .debug_aranges
                0x00000388       0x20 /usr/lib/gcc/arm-none-eabi/13.2.1/../../../arm-none-eabi/lib/thumb/v7-m/nofp/libc.a(libc_a-sbrkr.o)
 .debug_aranges
                0x000003a8       0x20 /usr/lib/gcc/arm-none-eabi/13.2.1/../../../arm-none-eabi/lib/thumb/v7-m/nofp/libc.a(libc_a-closer.o)
 .debug_aranges
                0x000003c8       0x20 /usr/lib/gcc/arm-none-eabi/13.2.1/../../../arm-none-eabi/lib/thumb/v7-m/nofp/libc.a(libc_a-sprint_r.o)
 .debug_aranges
                0x000003e8       0x20 /usr/lib/gcc/arm-none-eabi/13.2.1/../../../arm-none-eabi/lib/thumb/v7-m/nofp/libc.a(libc_a-assert.o)
 .debug_aranges
                0x00000408       0x20 /usr/lib/gcc/arm-none-eabi/13.2.1/../../../arm-none-eabi/lib/thumb/v7-m/nofp/libc.a(libc_a-mprec.o)
 .debug_aranges
                0x00000428       0x20 /usr/lib/gcc/arm-none-eabi/13.2.1/../../../arm-none-eabi/lib/thumb/v7-m/nofp/libc.a(libc_a-localeconv.o)
 .debug_aranges
                0x00000448       0x20 /usr/lib/gcc/arm-none-eabi/13.2.1/../../../arm-none-eabi/lib/thumb/v7-m/nofp/libc.a(libc_a-makebuf.o)
 .debug_aranges
                0x00000468       0x20 /usr/lib/gcc/arm-none-eabi/13.2.1/../../../arm-none-eabi/lib/thumb/v7-m/nofp/libc.a(libc_a-locale.o)
 .debug_aranges
                0x00000488       0x20 /usr/lib/gcc/arm-none-eabi/13.2.1/../../../arm-none-eabi/lib/thumb/v7-m/nofp/libc.a(libc_a-mbtowc_r.o)
 .debug_aranges
                0x000004a8       0x20 /usr/lib/gcc/arm-none-eabi/13.2.1/../../../arm-none-eabi/lib/thumb/v7-m/nofp/libc.a(libc_a-errno.o)
 .debug_aranges
                0x000004c8       0x20 /usr/lib/gcc/arm-none-eabi/13.2.1/../../../arm-none-eabi/lib/thumb/v7-m/nofp/libc.a(libc_a-abort.o)
 .debug_aranges
                0x000004e8       0x20 /usr/lib/gcc/arm-none-eabi/13.2.1/../../../arm-none-eabi/lib/thumb/v7-m/nofp/libc.a(libc_a-callocr.o)
 .debug_aranges
                0x00000508       0x20 /usr/lib/gcc/arm-none-eabi/13.2.1/../../../arm-none-eabi/lib/thumb/v7-m/nofp/libc.a(libc_a-readr.o)
 .debug_aranges
                0x00000528       0x20 /usr/lib/gcc/arm-none-eabi/13.2.1/../../../arm-none-eabi/lib/thumb/v7-m/nofp/libc.a(libc_a-fiprintf.o)
 .debug_aranges
                0x00000548       0x20 /usr/lib/gcc/arm-none-eabi/13.2.1/../../../arm-none-eabi/lib/thumb/v7-m/nofp/libc.a(libc_a-wctomb_r.o)
 .debug_aranges
                0x00000568       0x20 /usr/lib/gcc/arm-none-eabi/13.2.1/../../../arm-none-eabi/lib/thumb/v7-m/nofp/libc.a(libc_a-lseekr.o)
 .debug_aranges
                0x00000588       0x20 /usr/lib/gcc/arm-none-eabi/13.2.1/../../../arm-none-eabi/lib/thumb/v7-m/nofp/libc.a(libc_a-reent.o)
 .debug_aranges
                0x000005a8       0x20 /usr/lib/gcc/arm-none-eabi/13.2.1/../../../arm-none-eabi/lib/thumb/v7-m/nofp/libc.a(libc_a-fstatr.o)
 .debug_aranges
                0x000005c8       0x20 /usr/lib/gcc/arm-none-eabi/13.2.1/../../../arm-none-eabi/lib/thumb/v7-m/nofp/libc.a(libc_a-isattyr.o)
 .debug_aranges
                0x000005e8       0x18 /usr/lib/gcc/arm-none-eabi/13.2.1/../../../arm-none-eabi/lib/thumb/v7-m/nofp/libc.a(libc_a-ctype_.o)
 .debug_aranges
                0x00000600       0x20 /usr/lib/gcc/arm-none-eabi/13.2.1/../../../arm-none-eabi/lib/thumb/v7-m/nofp/libc.a(libc_a-signal.o)
 .debug_aranges
                0x00000620       0x20 /usr/lib/gcc/arm-none-eabi/13.2.1/../../../arm-none-eabi/lib/thumb/v7-m/nofp/libc.a(libc_a-signalr.o)
 .debug_aranges
                0x00000640       0x20 /usr/lib/gcc/arm-none-eabi/13.2.1/../../../arm-none-eabi/lib/thumb/v7-m/nofp/libc.a(libc_a-vfiprintf.o)
 .debug_aranges
                0x00000660       0x20 /usr/lib/gcc/arm-none-eabi/13.2.1/thumb/v7-m/nofp/libgcc.a(_arm_addsubdf3.o)
 .debug_aranges
                0x00000680       0x20 /usr/lib/gcc/arm-none-eabi/13.2.1/thumb/v7-m/nofp/libgcc.a(_arm_muldivdf3.o)
 .debug_aranges
                0x000006a0       0x20 /usr/lib/gcc/arm-none-eabi/13.2.1/thumb/v7-m/nofp/libgcc.a(_arm_cmpdf2.o)
 .debug_aranges
                0x000006c0       0x20 /usr/lib/gcc/arm-none-eabi/13.2.1/thumb/v7-m/nofp/libgcc.a(_arm_unorddf2.o)
 .debug_aranges
                0x000006e0       0x20 /usr/lib/gcc/arm-none-eabi/13.2.1/thumb/v7-m/nofp/libgcc.a(_arm_fixdfsi.o)
 .debug_aranges
                0x00000700       0x20 /usr/lib/gcc/arm-none-eabi/13.2.1/../../../arm-none-eabi/lib/thumb/v7-m/nofp/libnosys.a(close.o)
 .debug_aranges
                0x00000720       0x20 /usr/lib/gcc/arm-none-eabi/13.2.1/../../../arm-none-eabi/lib/thumb/v7-m/nofp/libnosys.a(fstat.o)
 .debug_aranges
                0x00000740       0x20 /usr/lib/gcc/arm-none-eabi/13.2.1/../../../arm-none-eabi/lib/thumb/v7-m/nofp/libnosys.a(getpid.o)
 .debug_aranges
                0x00000760       0x20 /usr/lib/gcc/arm-none-eabi/13.2.1/../../../arm-none-eabi/lib/thumb/v7-m/nofp/libnosys.a(isatty.o)
 .debug_aranges
                0x00000780       0x20 /usr/lib/gcc/arm-none-eabi/13.2.1/../../../arm-none-eabi/lib/thumb/v7-m/nofp/libnosys.a(kill.o)
 .debug_aranges
                0x000007a0       0x20 /usr/lib/gcc/arm-none-eabi/13.2.1/../../../arm-none-eabi/lib/thumb/v7-m/nofp/libnosys.a(lseek.o)
 .debug_aranges
                0x000007c0       0x20 /usr/lib/gcc/arm-none-eabi/13.2.1/../../../arm-none-eabi/lib/thumb/v7-m/nofp/libnosys.a(read.o)
 .debug_aranges
                0x000007e0       0x20 /usr/lib/gcc/arm-none-eabi/13.2.1/../../../arm-none-eabi/lib/thumb/v7-m/nofp/libnosys.a(sbrk.o)
 .debug_aranges
                0x00000800       0x20 /usr/lib/gcc/arm-none-eabi/13.2.1/../../../arm-none-eabi/lib/thumb/v7-m/nofp/libnosys.a(_exit.o)
 .debug_aranges
                0x00000820       0x38 /home/msis/ES_034_emlab/stm32f103c8t6/libopencm3/lib/libopencm3_stm32f1.a(gpio.o)
 .debug_aranges
                0x00000858       0x50 /home/msis/ES_034_emlab/stm32f103c8t6/libopencm3/lib/libopencm3_stm32f1.a(gpio_common_all.o)
 .debug_aranges
                0x000008a8      0x170 /home/msis/ES_034_emlab/stm32f103c8t6/libopencm3/lib/libopencm3_stm32f1.a(rcc.o)
 .debug_aranges
                0x00000a18       0x80 /home/msis/ES_034_emlab/stm32f103c8t6/libopencm3/lib/libopencm3_stm32f1.a(rcc_common_all.o)
 .debug_aranges
                0x00000a98       0xf8 /home/msis/ES_034_emlab/stm32f103c8t6/libopencm3/lib/libopencm3_stm32f1.a(usart_common_all.o)
 .debug_aranges
                0x00000b90       0x40 /home/msis/ES_034_emlab/stm32f103c8t6/libopencm3/lib/libopencm3_stm32f1.a(usart_common_f124.o)
 .debug_aranges
                0x00000bd0       0x30 /home/msis/ES_034_emlab/stm32f103c8t6/libopencm3/lib/libopencm3_stm32f1.a(vector.o)
 .debug_aranges
                0x00000c00       0x38 /home/msis/ES_034_emlab/stm32f103c8t6/libopencm3/lib/libopencm3_stm32f1.a(flash_common_all.o)

.debug_rnglists
                0x00000000      0x8c4
 .debug_rnglists
                0x00000000       0x47 morse.o
 .debug_rnglists
                0x00000047       0x3c /usr/lib/gcc/arm-none-eabi/13.2.1/../../../arm-none-eabi/lib/thumb/v7-m/nofp/libc.a(libc_a-putc.o)
 .debug_rnglists
                0x00000083       0x1b /usr/lib/gcc/arm-none-eabi/13.2.1/../../../arm-none-eabi/lib/thumb/v7-m/nofp/libc.a(libc_a-wbuf.o)
 .debug_rnglists
                0x0000009e       0x7a /usr/lib/gcc/arm-none-eabi/13.2.1/../../../arm-none-eabi/lib/thumb/v7-m/nofp/libc.a(libc_a-findfp.o)
 .debug_rnglists
                0x00000118       0x16 /usr/lib/gcc/arm-none-eabi/13.2.1/../../../arm-none-eabi/lib/thumb/v7-m/nofp/libc.a(libc_a-puts.o)
 .debug_rnglists
                0x0000012e       0x30 /usr/lib/gcc/arm-none-eabi/13.2.1/../../../arm-none-eabi/lib/thumb/v7-m/nofp/libc.a(libc_a-fvwrite.o)
 .debug_rnglists
                0x0000015e       0x13 /usr/lib/gcc/arm-none-eabi/13.2.1/../../../arm-none-eabi/lib/thumb/v7-m/nofp/libc.a(libc_a-strlen-stub.o)
 .debug_rnglists
                0x00000171       0xe3 /usr/lib/gcc/arm-none-eabi/13.2.1/../../../arm-none-eabi/lib/thumb/v7-m/nofp/libc.a(libc_a-vfprintf.o)
 .debug_rnglists
                0x00000254       0x59 /usr/lib/gcc/arm-none-eabi/13.2.1/../../../arm-none-eabi/lib/thumb/v7-m/nofp/libc.a(libc_a-fflush.o)
 .debug_rnglists
                0x000002ad       0x2b /usr/lib/gcc/arm-none-eabi/13.2.1/../../../arm-none-eabi/lib/thumb/v7-m/nofp/libc.a(libc_a-mallocr.o)
 .debug_rnglists
                0x000002d8       0x2c /usr/lib/gcc/arm-none-eabi/13.2.1/../../../arm-none-eabi/lib/thumb/v7-m/nofp/libc.a(libc_a-dtoa.o)
 .debug_rnglists
                0x00000304       0x1e /usr/lib/gcc/arm-none-eabi/13.2.1/../../../arm-none-eabi/lib/thumb/v7-m/nofp/libc.a(libc_a-wsetup.o)
 .debug_rnglists
                0x00000322       0x1b /usr/lib/gcc/arm-none-eabi/13.2.1/../../../arm-none-eabi/lib/thumb/v7-m/nofp/libc.a(libc_a-fclose.o)
 .debug_rnglists
                0x0000033d       0xa3 /usr/lib/gcc/arm-none-eabi/13.2.1/../../../arm-none-eabi/lib/thumb/v7-m/nofp/libc.a(libc_a-reallocr.o)
 .debug_rnglists
                0x000003e0       0xad /usr/lib/gcc/arm-none-eabi/13.2.1/../../../arm-none-eabi/lib/thumb/v7-m/nofp/libc.a(libc_a-mprec.o)
 .debug_rnglists
                0x0000048d       0x31 /usr/lib/gcc/arm-none-eabi/13.2.1/../../../arm-none-eabi/lib/thumb/v7-m/nofp/libc.a(libc_a-makebuf.o)
 .debug_rnglists
                0x000004be       0x19 /usr/lib/gcc/arm-none-eabi/13.2.1/../../../arm-none-eabi/lib/thumb/v7-m/nofp/libc.a(libc_a-locale.o)
 .debug_rnglists
                0x000004d7       0x29 /usr/lib/gcc/arm-none-eabi/13.2.1/../../../arm-none-eabi/lib/thumb/v7-m/nofp/libc.a(libc_a-callocr.o)
 .debug_rnglists
                0x00000500       0x65 /usr/lib/gcc/arm-none-eabi/13.2.1/../../../arm-none-eabi/lib/thumb/v7-m/nofp/libc.a(libc_a-signal.o)
 .debug_rnglists
                0x00000565       0x23 /usr/lib/gcc/arm-none-eabi/13.2.1/../../../arm-none-eabi/lib/thumb/v7-m/nofp/libc.a(libc_a-vfiprintf.o)
 .debug_rnglists
                0x00000588       0x25 /home/msis/ES_034_emlab/stm32f103c8t6/libopencm3/lib/libopencm3_stm32f1.a(gpio.o)
 .debug_rnglists
                0x000005ad       0x37 /home/msis/ES_034_emlab/stm32f103c8t6/libopencm3/lib/libopencm3_stm32f1.a(gpio_common_all.o)
 .debug_rnglists
                0x000005e4      0x160 /home/msis/ES_034_emlab/stm32f103c8t6/libopencm3/lib/libopencm3_stm32f1.a(rcc.o)
 .debug_rnglists
                0x00000744       0x5b /home/msis/ES_034_emlab/stm32f103c8t6/libopencm3/lib/libopencm3_stm32f1.a(rcc_common_all.o)
 .debug_rnglists
                0x0000079f       0xb5 /home/msis/ES_034_emlab/stm32f103c8t6/libopencm3/lib/libopencm3_stm32f1.a(usart_common_all.o)
 .debug_rnglists
                0x00000854       0x2b /home/msis/ES_034_emlab/stm32f103c8t6/libopencm3/lib/libopencm3_stm32f1.a(usart_common_f124.o)
 .debug_rnglists
                0x0000087f       0x20 /home/msis/ES_034_emlab/stm32f103c8t6/libopencm3/lib/libopencm3_stm32f1.a(vector.o)
 .debug_rnglists
                0x0000089f       0x25 /home/msis/ES_034_emlab/stm32f103c8t6/libopencm3/lib/libopencm3_stm32f1.a(flash_common_all.o)

.debug_line     0x00000000     0xf02e
 .debug_line    0x00000000      0x335 morse.o
 .debug_line    0x00000335       0xdd /usr/lib/gcc/arm-none-eabi/13.2.1/../../../arm-none-eabi/lib/thumb/v7-m/nofp/libc.a(libc_a-strcmp.o)
 .debug_line    0x00000412      0x173 /usr/lib/gcc/arm-none-eabi/13.2.1/../../../arm-none-eabi/lib/thumb/v7-m/nofp/libc.a(libc_a-putchar.o)
 .debug_line    0x00000585      0x2a7 /usr/lib/gcc/arm-none-eabi/13.2.1/../../../arm-none-eabi/lib/thumb/v7-m/nofp/libc.a(libc_a-putc.o)
 .debug_line    0x0000082c      0x27d /usr/lib/gcc/arm-none-eabi/13.2.1/../../../arm-none-eabi/lib/thumb/v7-m/nofp/libc.a(libc_a-wbuf.o)
 .debug_line    0x00000aa9      0x51f /usr/lib/gcc/arm-none-eabi/13.2.1/../../../arm-none-eabi/lib/thumb/v7-m/nofp/libc.a(libc_a-findfp.o)
 .debug_line    0x00000fc8      0x25e /usr/lib/gcc/arm-none-eabi/13.2.1/../../../arm-none-eabi/lib/thumb/v7-m/nofp/libc.a(libc_a-puts.o)
 .debug_line    0x00001226      0x5f5 /usr/lib/gcc/arm-none-eabi/13.2.1/../../../arm-none-eabi/lib/thumb/v7-m/nofp/libc.a(libc_a-fvwrite.o)
 .debug_line    0x0000181b       0xf4 /usr/lib/gcc/arm-none-eabi/13.2.1/../../../arm-none-eabi/lib/thumb/v7-m/nofp/libc.a(libc_a-strlen-stub.o)
 .debug_line    0x0000190f      0x1c0 /usr/lib/gcc/arm-none-eabi/13.2.1/../../../arm-none-eabi/lib/thumb/v7-m/nofp/libc.a(libc_a-printf.o)
 .debug_line    0x00001acf      0x1b1 /usr/lib/gcc/arm-none-eabi/13.2.1/../../../arm-none-eabi/lib/thumb/v7-m/nofp/libc.a(libc_a-memset.o)
 .debug_line    0x00001c80      0x200 /usr/lib/gcc/arm-none-eabi/13.2.1/../../../arm-none-eabi/lib/thumb/v7-m/nofp/libc.a(libc_a-memchr-stub.o)
 .debug_line    0x00001e80      0x1c9 /usr/lib/gcc/arm-none-eabi/13.2.1/../../../arm-none-eabi/lib/thumb/v7-m/nofp/libc.a(libc_a-fwalk.o)
 .debug_line    0x00002049     0x1b28 /usr/lib/gcc/arm-none-eabi/13.2.1/../../../arm-none-eabi/lib/thumb/v7-m/nofp/libc.a(libc_a-vfprintf.o)
 .debug_line    0x00003b71      0x467 /usr/lib/gcc/arm-none-eabi/13.2.1/../../../arm-none-eabi/lib/thumb/v7-m/nofp/libc.a(libc_a-fflush.o)
 .debug_line    0x00003fd8      0x20d /usr/lib/gcc/arm-none-eabi/13.2.1/../../../arm-none-eabi/lib/thumb/v7-m/nofp/libc.a(libc_a-memmove.o)
 .debug_line    0x000041e5       0xe7 /usr/lib/gcc/arm-none-eabi/13.2.1/../../../arm-none-eabi/lib/thumb/v7-m/nofp/libc.a(libc_a-impure.o)
 .debug_line    0x000042cc      0x8eb /usr/lib/gcc/arm-none-eabi/13.2.1/../../../arm-none-eabi/lib/thumb/v7-m/nofp/libc.a(libc_a-mallocr.o)
 .debug_line    0x00004bb7     0x1450 /usr/lib/gcc/arm-none-eabi/13.2.1/../../../arm-none-eabi/lib/thumb/v7-m/nofp/libc.a(libc_a-dtoa.o)
 .debug_line    0x00006007      0x2bd /usr/lib/gcc/arm-none-eabi/13.2.1/../../../arm-none-eabi/lib/thumb/v7-m/nofp/libc.a(libc_a-wsetup.o)
 .debug_line    0x000062c4      0x545 /usr/lib/gcc/arm-none-eabi/13.2.1/../../../arm-none-eabi/lib/thumb/v7-m/nofp/libc.a(libc_a-freer.o)
 .debug_line    0x00006809      0x24c /usr/lib/gcc/arm-none-eabi/13.2.1/../../../arm-none-eabi/lib/thumb/v7-m/nofp/libc.a(libc_a-fclose.o)
 .debug_line    0x00006a55       0xbd /usr/lib/gcc/arm-none-eabi/13.2.1/../../../arm-none-eabi/lib/thumb/v7-m/nofp/libc.a(libc_a-memcpy.o)
 .debug_line    0x00006b12       0xf0 /usr/lib/gcc/arm-none-eabi/13.2.1/../../../arm-none-eabi/lib/thumb/v7-m/nofp/libc.a(libc_a-sysconf.o)
 .debug_line    0x00006c02      0x22b /usr/lib/gcc/arm-none-eabi/13.2.1/../../../arm-none-eabi/lib/thumb/v7-m/nofp/libc.a(libc_a-stdio.o)
 .debug_line    0x00006e2d      0x6a9 /usr/lib/gcc/arm-none-eabi/13.2.1/../../../arm-none-eabi/lib/thumb/v7-m/nofp/libc.a(libc_a-reallocr.o)
 .debug_line    0x000074d6      0x19d /usr/lib/gcc/arm-none-eabi/13.2.1/../../../arm-none-eabi/lib/thumb/v7-m/nofp/libc.a(libc_a-writer.o)
 .debug_line    0x00007673      0x153 /usr/lib/gcc/arm-none-eabi/13.2.1/../../../arm-none-eabi/lib/thumb/v7-m/nofp/libc.a(libc_a-mlock.o)
 .debug_line    0x000077c6      0x196 /usr/lib/gcc/arm-none-eabi/13.2.1/../../../arm-none-eabi/lib/thumb/v7-m/nofp/libc.a(libc_a-sbrkr.o)
 .debug_line    0x0000795c      0x196 /usr/lib/gcc/arm-none-eabi/13.2.1/../../../arm-none-eabi/lib/thumb/v7-m/nofp/libc.a(libc_a-closer.o)
 .debug_line    0x00007af2      0x189 /usr/lib/gcc/arm-none-eabi/13.2.1/../../../arm-none-eabi/lib/thumb/v7-m/nofp/libc.a(libc_a-sprint_r.o)
 .debug_line    0x00007c7b      0x1b0 /usr/lib/gcc/arm-none-eabi/13.2.1/../../../arm-none-eabi/lib/thumb/v7-m/nofp/libc.a(libc_a-assert.o)
 .debug_line    0x00007e2b     0x1409 /usr/lib/gcc/arm-none-eabi/13.2.1/../../../arm-none-eabi/lib/thumb/v7-m/nofp/libc.a(libc_a-mprec.o)
 .debug_line    0x00009234      0x17e /usr/lib/gcc/arm-none-eabi/13.2.1/../../../arm-none-eabi/lib/thumb/v7-m/nofp/libc.a(libc_a-localeconv.o)
 .debug_line    0x000093b2      0x3d2 /usr/lib/gcc/arm-none-eabi/13.2.1/../../../arm-none-eabi/lib/thumb/v7-m/nofp/libc.a(libc_a-makebuf.o)
 .debug_line    0x00009784      0x29f /usr/lib/gcc/arm-none-eabi/13.2.1/../../../arm-none-eabi/lib/thumb/v7-m/nofp/libc.a(libc_a-locale.o)
 .debug_line    0x00009a23      0x214 /usr/lib/gcc/arm-none-eabi/13.2.1/../../../arm-none-eabi/lib/thumb/v7-m/nofp/libc.a(libc_a-mbtowc_r.o)
 .debug_line    0x00009c37      0x10c /usr/lib/gcc/arm-none-eabi/13.2.1/../../../arm-none-eabi/lib/thumb/v7-m/nofp/libc.a(libc_a-errno.o)
 .debug_line    0x00009d43      0x115 /usr/lib/gcc/arm-none-eabi/13.2.1/../../../arm-none-eabi/lib/thumb/v7-m/nofp/libc.a(libc_a-abort.o)
 .debug_line    0x00009e58      0x211 /usr/lib/gcc/arm-none-eabi/13.2.1/../../../arm-none-eabi/lib/thumb/v7-m/nofp/libc.a(libc_a-callocr.o)
 .debug_line    0x0000a069      0x19c /usr/lib/gcc/arm-none-eabi/13.2.1/../../../arm-none-eabi/lib/thumb/v7-m/nofp/libc.a(libc_a-readr.o)
 .debug_line    0x0000a205      0x1ab /usr/lib/gcc/arm-none-eabi/13.2.1/../../../arm-none-eabi/lib/thumb/v7-m/nofp/libc.a(libc_a-fiprintf.o)
 .debug_line    0x0000a3b0      0x20b /usr/lib/gcc/arm-none-eabi/13.2.1/../../../arm-none-eabi/lib/thumb/v7-m/nofp/libc.a(libc_a-wctomb_r.o)
 .debug_line    0x0000a5bb      0x19d /usr/lib/gcc/arm-none-eabi/13.2.1/../../../arm-none-eabi/lib/thumb/v7-m/nofp/libc.a(libc_a-lseekr.o)
 .debug_line    0x0000a758      0x1f0 /usr/lib/gcc/arm-none-eabi/13.2.1/../../../arm-none-eabi/lib/thumb/v7-m/nofp/libc.a(libc_a-reent.o)
 .debug_line    0x0000a948      0x215 /usr/lib/gcc/arm-none-eabi/13.2.1/../../../arm-none-eabi/lib/thumb/v7-m/nofp/libc.a(libc_a-fstatr.o)
 .debug_line    0x0000ab5d      0x197 /usr/lib/gcc/arm-none-eabi/13.2.1/../../../arm-none-eabi/lib/thumb/v7-m/nofp/libc.a(libc_a-isattyr.o)
 .debug_line    0x0000acf4       0x97 /usr/lib/gcc/arm-none-eabi/13.2.1/../../../arm-none-eabi/lib/thumb/v7-m/nofp/libc.a(libc_a-ctype_.o)
 .debug_line    0x0000ad8b      0x67e /usr/lib/gcc/arm-none-eabi/13.2.1/../../../arm-none-eabi/lib/thumb/v7-m/nofp/libc.a(libc_a-signal.o)
 .debug_line    0x0000b409      0x1be /usr/lib/gcc/arm-none-eabi/13.2.1/../../../arm-none-eabi/lib/thumb/v7-m/nofp/libc.a(libc_a-signalr.o)
 .debug_line    0x0000b5c7     0x103b /usr/lib/gcc/arm-none-eabi/13.2.1/../../../arm-none-eabi/lib/thumb/v7-m/nofp/libc.a(libc_a-vfiprintf.o)
 .debug_line    0x0000c602      0x16f /usr/lib/gcc/arm-none-eabi/13.2.1/thumb/v7-m/nofp/libgcc.a(_arm_addsubdf3.o)
 .debug_line    0x0000c771      0x184 /usr/lib/gcc/arm-none-eabi/13.2.1/thumb/v7-m/nofp/libgcc.a(_arm_muldivdf3.o)
 .debug_line    0x0000c8f5       0xa6 /usr/lib/gcc/arm-none-eabi/13.2.1/thumb/v7-m/nofp/libgcc.a(_arm_cmpdf2.o)
 .debug_line    0x0000c99b       0x57 /usr/lib/gcc/arm-none-eabi/13.2.1/thumb/v7-m/nofp/libgcc.a(_arm_unorddf2.o)
 .debug_line    0x0000c9f2       0x62 /usr/lib/gcc/arm-none-eabi/13.2.1/thumb/v7-m/nofp/libgcc.a(_arm_fixdfsi.o)
 .debug_line    0x0000ca54       0x72 /usr/lib/gcc/arm-none-eabi/13.2.1/../../../arm-none-eabi/lib/thumb/v7-m/nofp/libnosys.a(close.o)
 .debug_line    0x0000cac6      0x14e /usr/lib/gcc/arm-none-eabi/13.2.1/../../../arm-none-eabi/lib/thumb/v7-m/nofp/libnosys.a(fstat.o)
 .debug_line    0x0000cc14       0x73 /usr/lib/gcc/arm-none-eabi/13.2.1/../../../arm-none-eabi/lib/thumb/v7-m/nofp/libnosys.a(getpid.o)
 .debug_line    0x0000cc87       0x73 /usr/lib/gcc/arm-none-eabi/13.2.1/../../../arm-none-eabi/lib/thumb/v7-m/nofp/libnosys.a(isatty.o)
 .debug_line    0x0000ccfa       0x71 /usr/lib/gcc/arm-none-eabi/13.2.1/../../../arm-none-eabi/lib/thumb/v7-m/nofp/libnosys.a(kill.o)
 .debug_line    0x0000cd6b       0x73 /usr/lib/gcc/arm-none-eabi/13.2.1/../../../arm-none-eabi/lib/thumb/v7-m/nofp/libnosys.a(lseek.o)
 .debug_line    0x0000cdde       0x72 /usr/lib/gcc/arm-none-eabi/13.2.1/../../../arm-none-eabi/lib/thumb/v7-m/nofp/libnosys.a(read.o)
 .debug_line    0x0000ce50       0x76 /usr/lib/gcc/arm-none-eabi/13.2.1/../../../arm-none-eabi/lib/thumb/v7-m/nofp/libnosys.a(sbrk.o)
 .debug_line    0x0000cec6       0x61 /usr/lib/gcc/arm-none-eabi/13.2.1/../../../arm-none-eabi/lib/thumb/v7-m/nofp/libnosys.a(_exit.o)
 .debug_line    0x0000cf27      0x293 /home/msis/ES_034_emlab/stm32f103c8t6/libopencm3/lib/libopencm3_stm32f1.a(gpio.o)
 .debug_line    0x0000d1ba      0x27b /home/msis/ES_034_emlab/stm32f103c8t6/libopencm3/lib/libopencm3_stm32f1.a(gpio_common_all.o)
 .debug_line    0x0000d435      0xc28 /home/msis/ES_034_emlab/stm32f103c8t6/libopencm3/lib/libopencm3_stm32f1.a(rcc.o)
 .debug_line    0x0000e05d      0x322 /home/msis/ES_034_emlab/stm32f103c8t6/libopencm3/lib/libopencm3_stm32f1.a(rcc_common_all.o)
 .debug_line    0x0000e37f      0x574 /home/msis/ES_034_emlab/stm32f103c8t6/libopencm3/lib/libopencm3_stm32f1.a(usart_common_all.o)
 .debug_line    0x0000e8f3      0x262 /home/msis/ES_034_emlab/stm32f103c8t6/libopencm3/lib/libopencm3_stm32f1.a(usart_common_f124.o)
 .debug_line    0x0000eb55      0x2ad /home/msis/ES_034_emlab/stm32f103c8t6/libopencm3/lib/libopencm3_stm32f1.a(vector.o)
 .debug_line    0x0000ee02      0x22c /home/msis/ES_034_emlab/stm32f103c8t6/libopencm3/lib/libopencm3_stm32f1.a(flash_common_all.o)

.debug_str      0x00000000    0x1151a
 .debug_str     0x00000000    0x1151a morse.o
                                0x6ed (size before relaxing)
 .debug_str     0x0001151a       0xa3 /usr/lib/gcc/arm-none-eabi/13.2.1/../../../arm-none-eabi/lib/thumb/v7-m/nofp/libc.a(libc_a-strcmp.o)
 .debug_str     0x0001151a      0x4b9 /usr/lib/gcc/arm-none-eabi/13.2.1/../../../arm-none-eabi/lib/thumb/v7-m/nofp/libc.a(libc_a-putchar.o)
 .debug_str     0x0001151a      0x4e0 /usr/lib/gcc/arm-none-eabi/13.2.1/../../../arm-none-eabi/lib/thumb/v7-m/nofp/libc.a(libc_a-putc.o)
 .debug_str     0x0001151a      0x4d5 /usr/lib/gcc/arm-none-eabi/13.2.1/../../../arm-none-eabi/lib/thumb/v7-m/nofp/libc.a(libc_a-wbuf.o)
 .debug_str     0x0001151a      0x6a7 /usr/lib/gcc/arm-none-eabi/13.2.1/../../../arm-none-eabi/lib/thumb/v7-m/nofp/libc.a(libc_a-findfp.o)
 .debug_str     0x0001151a      0x518 /usr/lib/gcc/arm-none-eabi/13.2.1/../../../arm-none-eabi/lib/thumb/v7-m/nofp/libc.a(libc_a-puts.o)
 .debug_str     0x0001151a      0x543 /usr/lib/gcc/arm-none-eabi/13.2.1/../../../arm-none-eabi/lib/thumb/v7-m/nofp/libc.a(libc_a-fvwrite.o)
 .debug_str     0x0001151a      0x196 /usr/lib/gcc/arm-none-eabi/13.2.1/../../../arm-none-eabi/lib/thumb/v7-m/nofp/libc.a(libc_a-strlen-stub.o)
 .debug_str     0x0001151a      0x4da /usr/lib/gcc/arm-none-eabi/13.2.1/../../../arm-none-eabi/lib/thumb/v7-m/nofp/libc.a(libc_a-printf.o)
 .debug_str     0x0001151a      0x1a0 /usr/lib/gcc/arm-none-eabi/13.2.1/../../../arm-none-eabi/lib/thumb/v7-m/nofp/libc.a(libc_a-memset.o)
 .debug_str     0x0001151a      0x1b0 /usr/lib/gcc/arm-none-eabi/13.2.1/../../../arm-none-eabi/lib/thumb/v7-m/nofp/libc.a(libc_a-memchr-stub.o)
 .debug_str     0x0001151a      0x4af /usr/lib/gcc/arm-none-eabi/13.2.1/../../../arm-none-eabi/lib/thumb/v7-m/nofp/libc.a(libc_a-fwalk.o)
 .debug_str     0x0001151a      0x916 /usr/lib/gcc/arm-none-eabi/13.2.1/../../../arm-none-eabi/lib/thumb/v7-m/nofp/libc.a(libc_a-vfprintf.o)
 .debug_str     0x0001151a      0x526 /usr/lib/gcc/arm-none-eabi/13.2.1/../../../arm-none-eabi/lib/thumb/v7-m/nofp/libc.a(libc_a-fflush.o)
 .debug_str     0x0001151a      0x1bf /usr/lib/gcc/arm-none-eabi/13.2.1/../../../arm-none-eabi/lib/thumb/v7-m/nofp/libc.a(libc_a-memmove.o)
 .debug_str     0x0001151a      0x4a4 /usr/lib/gcc/arm-none-eabi/13.2.1/../../../arm-none-eabi/lib/thumb/v7-m/nofp/libc.a(libc_a-impure.o)
 .debug_str     0x0001151a      0x6c7 /usr/lib/gcc/arm-none-eabi/13.2.1/../../../arm-none-eabi/lib/thumb/v7-m/nofp/libc.a(libc_a-mallocr.o)